Archive member included to satisfy reference by file (symbol)

c:/st/stm32cubeide_1.10.1/stm32cubeide/plugins/com.st.stm32cube.ide.mcu.externaltools.gnu-tools-for-stm32.10.3-2021.10.win32_1.0.0.202111181127/tools/bin/../lib/gcc/arm-none-eabi/10.3.1/../../../../arm-none-eabi/lib/thumb/v7e-m+fp/hard\libc_nano.a(lib_a-errno.o)
                              ./Core/Src/syscalls.o (__errno)
c:/st/stm32cubeide_1.10.1/stm32cubeide/plugins/com.st.stm32cube.ide.mcu.externaltools.gnu-tools-for-stm32.10.3-2021.10.win32_1.0.0.202111181127/tools/bin/../lib/gcc/arm-none-eabi/10.3.1/../../../../arm-none-eabi/lib/thumb/v7e-m+fp/hard\libc_nano.a(lib_a-exit.o)
                              c:/st/stm32cubeide_1.10.1/stm32cubeide/plugins/com.st.stm32cube.ide.mcu.externaltools.gnu-tools-for-stm32.10.3-2021.10.win32_1.0.0.202111181127/tools/bin/../lib/gcc/arm-none-eabi/10.3.1/../../../../arm-none-eabi/lib/thumb/v7e-m+fp/hard/crt0.o (exit)
c:/st/stm32cubeide_1.10.1/stm32cubeide/plugins/com.st.stm32cube.ide.mcu.externaltools.gnu-tools-for-stm32.10.3-2021.10.win32_1.0.0.202111181127/tools/bin/../lib/gcc/arm-none-eabi/10.3.1/../../../../arm-none-eabi/lib/thumb/v7e-m+fp/hard\libc_nano.a(lib_a-impure.o)
                              c:/st/stm32cubeide_1.10.1/stm32cubeide/plugins/com.st.stm32cube.ide.mcu.externaltools.gnu-tools-for-stm32.10.3-2021.10.win32_1.0.0.202111181127/tools/bin/../lib/gcc/arm-none-eabi/10.3.1/../../../../arm-none-eabi/lib/thumb/v7e-m+fp/hard\libc_nano.a(lib_a-exit.o) (_global_impure_ptr)
c:/st/stm32cubeide_1.10.1/stm32cubeide/plugins/com.st.stm32cube.ide.mcu.externaltools.gnu-tools-for-stm32.10.3-2021.10.win32_1.0.0.202111181127/tools/bin/../lib/gcc/arm-none-eabi/10.3.1/../../../../arm-none-eabi/lib/thumb/v7e-m+fp/hard\libc_nano.a(lib_a-init.o)
                              c:/st/stm32cubeide_1.10.1/stm32cubeide/plugins/com.st.stm32cube.ide.mcu.externaltools.gnu-tools-for-stm32.10.3-2021.10.win32_1.0.0.202111181127/tools/bin/../lib/gcc/arm-none-eabi/10.3.1/../../../../arm-none-eabi/lib/thumb/v7e-m+fp/hard/crt0.o (__libc_init_array)
c:/st/stm32cubeide_1.10.1/stm32cubeide/plugins/com.st.stm32cube.ide.mcu.externaltools.gnu-tools-for-stm32.10.3-2021.10.win32_1.0.0.202111181127/tools/bin/../lib/gcc/arm-none-eabi/10.3.1/../../../../arm-none-eabi/lib/thumb/v7e-m+fp/hard\libc_nano.a(lib_a-memset.o)
                              c:/st/stm32cubeide_1.10.1/stm32cubeide/plugins/com.st.stm32cube.ide.mcu.externaltools.gnu-tools-for-stm32.10.3-2021.10.win32_1.0.0.202111181127/tools/bin/../lib/gcc/arm-none-eabi/10.3.1/../../../../arm-none-eabi/lib/thumb/v7e-m+fp/hard/crt0.o (memset)
c:/st/stm32cubeide_1.10.1/stm32cubeide/plugins/com.st.stm32cube.ide.mcu.externaltools.gnu-tools-for-stm32.10.3-2021.10.win32_1.0.0.202111181127/tools/bin/../lib/gcc/arm-none-eabi/10.3.1/../../../../arm-none-eabi/lib/thumb/v7e-m+fp/hard\libc_nano.a(lib_a-sprintf.o)
                              ./Core/Src/main.o (sprintf)
c:/st/stm32cubeide_1.10.1/stm32cubeide/plugins/com.st.stm32cube.ide.mcu.externaltools.gnu-tools-for-stm32.10.3-2021.10.win32_1.0.0.202111181127/tools/bin/../lib/gcc/arm-none-eabi/10.3.1/../../../../arm-none-eabi/lib/thumb/v7e-m+fp/hard\libc_nano.a(lib_a-nano-svfprintf.o)
                              c:/st/stm32cubeide_1.10.1/stm32cubeide/plugins/com.st.stm32cube.ide.mcu.externaltools.gnu-tools-for-stm32.10.3-2021.10.win32_1.0.0.202111181127/tools/bin/../lib/gcc/arm-none-eabi/10.3.1/../../../../arm-none-eabi/lib/thumb/v7e-m+fp/hard\libc_nano.a(lib_a-sprintf.o) (_svfprintf_r)
c:/st/stm32cubeide_1.10.1/stm32cubeide/plugins/com.st.stm32cube.ide.mcu.externaltools.gnu-tools-for-stm32.10.3-2021.10.win32_1.0.0.202111181127/tools/bin/../lib/gcc/arm-none-eabi/10.3.1/../../../../arm-none-eabi/lib/thumb/v7e-m+fp/hard\libc_nano.a(lib_a-nano-vfprintf_i.o)
                              c:/st/stm32cubeide_1.10.1/stm32cubeide/plugins/com.st.stm32cube.ide.mcu.externaltools.gnu-tools-for-stm32.10.3-2021.10.win32_1.0.0.202111181127/tools/bin/../lib/gcc/arm-none-eabi/10.3.1/../../../../arm-none-eabi/lib/thumb/v7e-m+fp/hard\libc_nano.a(lib_a-nano-svfprintf.o) (_printf_i)
c:/st/stm32cubeide_1.10.1/stm32cubeide/plugins/com.st.stm32cube.ide.mcu.externaltools.gnu-tools-for-stm32.10.3-2021.10.win32_1.0.0.202111181127/tools/bin/../lib/gcc/arm-none-eabi/10.3.1/../../../../arm-none-eabi/lib/thumb/v7e-m+fp/hard\libc_nano.a(lib_a-memchr.o)
                              c:/st/stm32cubeide_1.10.1/stm32cubeide/plugins/com.st.stm32cube.ide.mcu.externaltools.gnu-tools-for-stm32.10.3-2021.10.win32_1.0.0.202111181127/tools/bin/../lib/gcc/arm-none-eabi/10.3.1/../../../../arm-none-eabi/lib/thumb/v7e-m+fp/hard\libc_nano.a(lib_a-nano-svfprintf.o) (memchr)
c:/st/stm32cubeide_1.10.1/stm32cubeide/plugins/com.st.stm32cube.ide.mcu.externaltools.gnu-tools-for-stm32.10.3-2021.10.win32_1.0.0.202111181127/tools/bin/../lib/gcc/arm-none-eabi/10.3.1/../../../../arm-none-eabi/lib/thumb/v7e-m+fp/hard\libc_nano.a(lib_a-memcpy-stub.o)
[...]
Memory Configuration

Name             Origin             Length             Attributes
RAM              0x0000000020000000 0x0000000000050000 xrw
FLASH            0x0000000008000000 0x0000000000100000 xr
*default*        0x0000000000000000 0xffffffffffffffff

Linker script and memory map

LOAD c:/st/stm32cubeide_1.10.1/stm32cubeide/plugins/com.st.stm32cube.ide.mcu.externaltools.gnu-tools-for-stm32.10.3-2021.10.win32_1.0.0.202111181127/tools/bin/../lib/gcc/arm-none-eabi/10.3.1/thumb/v7e-m+fp/hard/crti.o
LOAD c:/st/stm32cubeide_1.10.1/stm32cubeide/plugins/com.st.stm32cube.ide.mcu.externaltools.gnu-tools-for-stm32.10.3-2021.10.win32_1.0.0.202111181127/tools/bin/../lib/gcc/arm-none-eabi/10.3.1/thumb/v7e-m+fp/hard/crtbegin.o
LOAD c:/st/stm32cubeide_1.10.1/stm32cubeide/plugins/com.st.stm32cube.ide.mcu.externaltools.gnu-tools-for-stm32.10.3-2021.10.win32_1.0.0.202111181127/tools/bin/../lib/gcc/arm-none-eabi/10.3.1/../../../../arm-none-eabi/lib/thumb/v7e-m+fp/hard/crt0.o
LOAD ./Core/Src/main.o
LOAD ./Core/Src/stm32f7xx_hal_msp.o
LOAD ./Core/Src/stm32f7xx_it.o
LOAD ./Core/Src/syscalls.o
LOAD ./Core/Src/sysmem.o
LOAD ./Core/Src/system_stm32f7xx.o
LOAD ./Core/Startup/startup_stm32f746nghx.o
LOAD ./Drivers/STM32F7xx_HAL_Driver/Src/stm32f7xx_hal.o
LOAD ./Drivers/STM32F7xx_HAL_Driver/Src/stm32f7xx_hal_cortex.o
LOAD ./Drivers/STM32F7xx_HAL_Driver/Src/stm32f7xx_hal_crc.o
LOAD ./Drivers/STM32F7xx_HAL_Driver/Src/stm32f7xx_hal_crc_ex.o
LOAD ./Drivers/STM32F7xx_HAL_Driver/Src/stm32f7xx_hal_dma.o
LOAD ./Drivers/STM32F7xx_HAL_Driver/Src/stm32f7xx_hal_dma2d.o
LOAD ./Drivers/STM32F7xx_HAL_Driver/Src/stm32f7xx_hal_dma_ex.o
LOAD ./Drivers/STM32F7xx_HAL_Driver/Src/stm32f7xx_hal_exti.o
LOAD ./Drivers/STM32F7xx_HAL_Driver/Src/stm32f7xx_hal_flash.o
LOAD ./Drivers/STM32F7xx_HAL_Driver/Src/stm32f7xx_hal_flash_ex.o
LOAD ./Drivers/STM32F7xx_HAL_Driver/Src/stm32f7xx_hal_gpio.o
LOAD ./Drivers/STM32F7xx_HAL_Driver/Src/stm32f7xx_hal_i2c.o
LOAD ./Drivers/STM32F7xx_HAL_Driver/Src/stm32f7xx_hal_i2c_ex.o
LOAD ./Drivers/STM32F7xx_HAL_Driver/Src/stm32f7xx_hal_ltdc.o
LOAD ./Drivers/STM32F7xx_HAL_Driver/Src/stm32f7xx_hal_ltdc_ex.o
LOAD ./Drivers/STM32F7xx_HAL_Driver/Src/stm32f7xx_hal_pwr.o
LOAD ./Drivers/STM32F7xx_HAL_Driver/Src/stm32f7xx_hal_pwr_ex.o
LOAD ./Drivers/STM32F7xx_HAL_Driver/Src/stm32f7xx_hal_rcc.o
LOAD ./Drivers/STM32F7xx_HAL_Driver/Src/stm32f7xx_hal_rcc_ex.o
LOAD ./Drivers/STM32F7xx_HAL_Driver/Src/stm32f7xx_hal_sdram.o
LOAD ./Drivers/STM32F7xx_HAL_Driver/Src/stm32f7xx_hal_tim.o
LOAD ./Drivers/STM32F7xx_HAL_Driver/Src/stm32f7xx_hal_tim_ex.o
LOAD ./Drivers/STM32F7xx_HAL_Driver/Src/stm32f7xx_hal_uart.o
LOAD ./Drivers/STM32F7xx_HAL_Driver/Src/stm32f7xx_ll_fmc.o
LOAD ./GUI files/font12.o
LOAD ./GUI files/font16.o
LOAD ./GUI files/font20.o
LOAD ./GUI files/font24.o
LOAD ./GUI files/font8.o
LOAD ./GUI files/ft5336.o
LOAD ./GUI files/stm32746g_discovery.o
LOAD ./GUI files/stm32746g_discovery_lcd.o
LOAD ./GUI files/stm32746g_discovery_sdram.o
LOAD ./GUI files/stm32746g_discovery_ts.o
START GROUP
LOAD c:/st/stm32cubeide_1.10.1/stm32cubeide/plugins/com.st.stm32cube.ide.mcu.externaltools.gnu-tools-for-stm32.10.3-2021.10.win32_1.0.0.202111181127/tools/bin/../lib/gcc/arm-none-eabi/10.3.1/../../../../arm-none-eabi/lib/thumb/v7e-m+fp/hard\libc_nano.a
LOAD c:/st/stm32cubeide_1.10.1/stm32cubeide/plugins/com.st.stm32cube.ide.mcu.externaltools.gnu-tools-for-stm32.10.3-2021.10.win32_1.0.0.202111181127/tools/bin/../lib/gcc/arm-none-eabi/10.3.1/../../../../arm-none-eabi/lib/thumb/v7e-m+fp/hard\libm.a
END GROUP
START GROUP
LOAD c:/st/stm32cubeide_1.10.1/stm32cubeide/plugins/com.st.stm32cube.ide.mcu.externaltools.gnu-tools-for-stm32.10.3-2021.10.win32_1.0.0.202111181127/tools/bin/../lib/gcc/arm-none-eabi/10.3.1/thumb/v7e-m+fp/hard\libgcc.a
LOAD c:/st/stm32cubeide_1.10.1/stm32cubeide/plugins/com.st.stm32cube.ide.mcu.externaltools.gnu-tools-for-stm32.10.3-2021.10.win32_1.0.0.202111181127/tools/bin/../lib/gcc/arm-none-eabi/10.3.1/../../../../arm-none-eabi/lib/thumb/v7e-m+fp/hard\libc_nano.a
END GROUP
START GROUP
LOAD c:/st/stm32cubeide_1.10.1/stm32cubeide/plugins/com.st.stm32cube.ide.mcu.externaltools.gnu-tools-for-stm32.10.3-2021.10.win32_1.0.0.202111181127/tools/bin/../lib/gcc/arm-none-eabi/10.3.1/thumb/v7e-m+fp/hard\libgcc.a
LOAD c:/st/stm32cubeide_1.10.1/stm32cubeide/plugins/com.st.stm32cube.ide.mcu.externaltools.gnu-tools-for-stm32.10.3-2021.10.win32_1.0.0.202111181127/tools/bin/../lib/gcc/arm-none-eabi/10.3.1/../../../../arm-none-eabi/lib/thumb/v7e-m+fp/hard\libc_nano.a
LOAD c:/st/stm32cubeide_1.10.1/stm32cubeide/plugins/com.st.stm32cube.ide.mcu.externaltools.gnu-tools-for-stm32.10.3-2021.10.win32_1.0.0.202111181127/tools/bin/../lib/gcc/arm-none-eabi/10.3.1/../../../../arm-none-eabi/lib/thumb/v7e-m+fp/hard\libnosys.a
END GROUP
START GROUP
LOAD c:/st/stm32cubeide_1.10.1/stm32cubeide/plugins/com.st.stm32cube.ide.mcu.externaltools.gnu-tools-for-stm32.10.3-2021.10.win32_1.0.0.202111181127/tools/bin/../lib/gcc/arm-none-eabi/10.3.1/thumb/v7e-m+fp/hard\libgcc.a
LOAD c:/st/stm32cubeide_1.10.1/stm32cubeide/plugins/com.st.stm32cube.ide.mcu.externaltools.gnu-tools-for-stm32.10.3-2021.10.win32_1.0.0.202111181127/tools/bin/../lib/gcc/arm-none-eabi/10.3.1/../../../../arm-none-eabi/lib/thumb/v7e-m+fp/hard\libc_nano.a
LOAD c:/st/stm32cubeide_1.10.1/stm32cubeide/plugins/com.st.stm32cube.ide.mcu.externaltools.gnu-tools-for-stm32.10.3-2021.10.win32_1.0.0.202111181127/tools/bin/../lib/gcc/arm-none-eabi/10.3.1/../../../../arm-none-eabi/lib/thumb/v7e-m+fp/hard\libnosys.a
END GROUP
LOAD c:/st/stm32cubeide_1.10.1/stm32cubeide/plugins/com.st.stm32cube.ide.mcu.externaltools.gnu-tools-for-stm32.10.3-2021.10.win32_1.0.0.202111181127/tools/bin/../lib/gcc/arm-none-eabi/10.3.1/thumb/v7e-m+fp/hard/crtend.o
LOAD c:/st/stm32cubeide_1.10.1/stm32cubeide/plugins/com.st.stm32cube.ide.mcu.externaltools.gnu-tools-for-stm32.10.3-2021.10.win32_1.0.0.202111181127/tools/bin/../lib/gcc/arm-none-eabi/10.3.1/thumb/v7e-m+fp/hard/crtn.o
                0x0000000020050000                _estack = (ORIGIN (RAM) + LENGTH (RAM))
                0x0000000000000200                _Min_Heap_Size = 0x200
                0x0000000000000400                _Min_Stack_Size = 0x400

.isr_vector     0x0000000008000000      0x1c8
                0x0000000008000000                . = ALIGN (0x4)
 *(.isr_vector)
 .isr_vector    0x0000000008000000      0x1c8 ./Core/Startup/startup_stm32f746nghx.o
                0x0000000008000000                g_pfnVectors
                0x00000000080001c8                . = ALIGN (0x4)

.text           0x00000000080001d0     0x6778
                0x00000000080001d0                . = ALIGN (0x4)
 *(.text)
 .text          0x00000000080001d0       0x40 c:/st/stm32cubeide_1.10.1/stm32cubeide/plugins/com.st.stm32cube.ide.mcu.externaltools.gnu-tools-for-stm32.10.3-2021.10.win32_1.0.0.202111181127/tools/bin/../lib/gcc/arm-none-eabi/10.3.1/thumb/v7e-m+fp/hard/crtbegin.o
 .text          0x0000000008000210       0xa0 c:/st/stm32cubeide_1.10.1/stm32cubeide/plugins/com.st.stm32cube.ide.mcu.externaltools.gnu-tools-for-stm32.10.3-2021.10.win32_1.0.0.202111181127/tools/bin/../lib/gcc/arm-none-eabi/10.3.1/../../../../arm-none-eabi/lib/thumb/v7e-m+fp/hard\libc_nano.a(lib_a-memchr.o)
                0x0000000008000210                memchr
 .text          0x00000000080002b0       0x30 c:/st/stm32cubeide_1.10.1/stm32cubeide/plugins/com.st.stm32cube.ide.mcu.externaltools.gnu-tools-for-stm32.10.3-2021.10.win32_1.0.0.202111181127/tools/bin/../lib/gcc/arm-none-eabi/10.3.1/thumb/v7e-m+fp/hard\libgcc.a(_aeabi_uldivmod.o)
                0x00000000080002b0                __aeabi_uldivmod
 .text          0x00000000080002e0      0x2d0 c:/st/stm32cubeide_1.10.1/stm32cubeide/plugins/com.st.stm32cube.ide.mcu.externaltools.gnu-tools-for-stm32.10.3-2021.10.win32_1.0.0.202111181127/tools/bin/../lib/gcc/arm-none-eabi/10.3.1/thumb/v7e-m+fp/hard\libgcc.a(_udivmoddi4.o)
                0x00000000080002e0                __udivmoddi4
 .text          0x00000000080005b0        0x4 c:/st/stm32cubeide_1.10.1/stm32cubeide/plugins/com.st.stm32cube.ide.mcu.externaltools.gnu-tools-for-stm32.10.3-2021.10.win32_1.0.0.202111181127/tools/bin/../lib/gcc/arm-none-eabi/10.3.1/thumb/v7e-m+fp/hard\libgcc.a(_dvmd_tls.o)
                0x00000000080005b0                __aeabi_idiv0
                0x00000000080005b0                __aeabi_ldiv0
 *(.text*)
 .text.SCB_EnableICache
                0x00000000080005b4       0x4c ./Core/Src/main.o
 .text.SCB_EnableDCache
                0x0000000008000600       0x88 ./Core/Src/main.o
 .text.main     0x0000000008000688      0x164 ./Core/Src/main.o
                0x0000000008000688                main
 .text.SystemClock_Config
                0x00000000080007ec       0xdc ./Core/Src/main.o
                0x00000000080007ec                SystemClock_Config
 .text.MX_CRC_Init
                0x00000000080008c8       0x44 ./Core/Src/main.o
 .text.MX_DMA2D_Init
                0x000000000800090c       0x64 ./Core/Src/main.o
 .text.MX_GPIO_Init
                0x0000000008000970       0x7c ./Core/Src/main.o
 .text.Error_Handler
                0x00000000080009ec        0xa ./Core/Src/main.o
                0x00000000080009ec                Error_Handler
 *fill*         0x00000000080009f6        0x2 
 .text.HAL_MspInit
                0x00000000080009f8       0x48 ./Core/Src/stm32f7xx_hal_msp.o
                0x00000000080009f8                HAL_MspInit
 .text.HAL_CRC_MspInit
                0x0000000008000a40       0x40 ./Core/Src/stm32f7xx_hal_msp.o
                0x0000000008000a40                HAL_CRC_MspInit
 .text.HAL_DMA2D_MspInit
                0x0000000008000a80       0x40 ./Core/Src/stm32f7xx_hal_msp.o
                0x0000000008000a80                HAL_DMA2D_MspInit
 .text.NMI_Handler
                0x0000000008000ac0        0x6 ./Core/Src/stm32f7xx_it.o
                0x0000000008000ac0                NMI_Handler
 .text.HardFault_Handler
                0x0000000008000ac6        0x6 ./Core/Src/stm32f7xx_it.o
                0x0000000008000ac6                HardFault_Handler
 .text.MemManage_Handler
                0x0000000008000acc        0x6 ./Core/Src/stm32f7xx_it.o
                0x0000000008000acc                MemManage_Handler
 .text.BusFault_Handler
                0x0000000008000ad2        0x6 ./Core/Src/stm32f7xx_it.o
                0x0000000008000ad2                BusFault_Handler
 .text.UsageFault_Handler
                0x0000000008000ad8        0x6 ./Core/Src/stm32f7xx_it.o
                0x0000000008000ad8                UsageFault_Handler
 .text.SVC_Handler
                0x0000000008000ade        0xe ./Core/Src/stm32f7xx_it.o
                0x0000000008000ade                SVC_Handler
 .text.DebugMon_Handler
                0x0000000008000aec        0xe ./Core/Src/stm32f7xx_it.o
                0x0000000008000aec                DebugMon_Handler
 .text.PendSV_Handler
                0x0000000008000afa        0xe ./Core/Src/stm32f7xx_it.o
                0x0000000008000afa                PendSV_Handler
 .text.SysTick_Handler
                0x0000000008000b08        0xc ./Core/Src/stm32f7xx_it.o
                0x0000000008000b08                SysTick_Handler
 .text.LTDC_IRQHandler
                0x0000000008000b14       0x14 ./Core/Src/stm32f7xx_it.o
                0x0000000008000b14                LTDC_IRQHandler
 .text._sbrk    0x0000000008000b28       0x6c ./Core/Src/sysmem.o
                0x0000000008000b28                _sbrk
 .text.SystemInit
                0x0000000008000b94       0x24 ./Core/Src/system_stm32f7xx.o
                0x0000000008000b94                SystemInit
 .text.Reset_Handler
                0x0000000008000bb8       0x50 ./Core/Startup/startup_stm32f746nghx.o
                0x0000000008000bb8                Reset_Handler
 .text.Default_Handler
                0x0000000008000c08        0x2 ./Core/Startup/startup_stm32f746nghx.o
                0x0000000008000c08                RTC_Alarm_IRQHandler
                0x0000000008000c08                EXTI2_IRQHandler
                0x0000000008000c08                TIM8_CC_IRQHandler
                0x0000000008000c08                UART8_IRQHandler
                0x0000000008000c08                SPI4_IRQHandler
                0x0000000008000c08                TIM1_CC_IRQHandler
                0x0000000008000c08                DMA2_Stream5_IRQHandler
                0x0000000008000c08                DMA1_Stream5_IRQHandler
                0x0000000008000c08                PVD_IRQHandler
                0x0000000008000c08                TAMP_STAMP_IRQHandler
                0x0000000008000c08                CAN2_RX1_IRQHandler
                0x0000000008000c08                EXTI3_IRQHandler
                0x0000000008000c08                TIM8_TRG_COM_TIM14_IRQHandler
                0x0000000008000c08                TIM1_UP_TIM10_IRQHandler
                0x0000000008000c08                TIM8_UP_TIM13_IRQHandler
                0x0000000008000c08                I2C3_ER_IRQHandler
                0x0000000008000c08                EXTI0_IRQHandler
                0x0000000008000c08                I2C2_EV_IRQHandler
                0x0000000008000c08                DMA1_Stream2_IRQHandler
                0x0000000008000c08                CAN1_RX0_IRQHandler
                0x0000000008000c08                FPU_IRQHandler
                0x0000000008000c08                OTG_HS_WKUP_IRQHandler
                0x0000000008000c08                LTDC_ER_IRQHandler
                0x0000000008000c08                CAN2_SCE_IRQHandler
                0x0000000008000c08                DMA2_Stream2_IRQHandler
                0x0000000008000c08                SPI1_IRQHandler
                0x0000000008000c08                TIM6_DAC_IRQHandler
                0x0000000008000c08                TIM1_BRK_TIM9_IRQHandler
                0x0000000008000c08                DCMI_IRQHandler
                0x0000000008000c08                CAN2_RX0_IRQHandler
                0x0000000008000c08                DMA2_Stream3_IRQHandler
                0x0000000008000c08                SAI2_IRQHandler
                0x0000000008000c08                USART6_IRQHandler
                0x0000000008000c08                USART3_IRQHandler
                0x0000000008000c08                CAN1_RX1_IRQHandler
                0x0000000008000c08                UART5_IRQHandler
                0x0000000008000c08                DMA2_Stream0_IRQHandler
                0x0000000008000c08                TIM4_IRQHandler
                0x0000000008000c08                QUADSPI_IRQHandler
                0x0000000008000c08                I2C1_EV_IRQHandler
                0x0000000008000c08                DMA1_Stream6_IRQHandler
                0x0000000008000c08                DMA1_Stream1_IRQHandler
                0x0000000008000c08                UART4_IRQHandler
                0x0000000008000c08                TIM3_IRQHandler
                0x0000000008000c08                RCC_IRQHandler
                0x0000000008000c08                TIM8_BRK_TIM12_IRQHandler
                0x0000000008000c08                Default_Handler
                0x0000000008000c08                CEC_IRQHandler
                0x0000000008000c08                EXTI15_10_IRQHandler
                0x0000000008000c08                ADC_IRQHandler
                0x0000000008000c08                DMA1_Stream7_IRQHandler
                0x0000000008000c08                SPI5_IRQHandler
                0x0000000008000c08                TIM7_IRQHandler
                0x0000000008000c08                SDMMC1_IRQHandler
                0x0000000008000c08                CAN2_TX_IRQHandler
                0x0000000008000c08                TIM5_IRQHandler
                0x0000000008000c08                DMA2_Stream7_IRQHandler
                0x0000000008000c08                I2C3_EV_IRQHandler
                0x0000000008000c08                EXTI9_5_IRQHandler
                0x0000000008000c08                RTC_WKUP_IRQHandler
                0x0000000008000c08                ETH_WKUP_IRQHandler
                0x0000000008000c08                SPDIF_RX_IRQHandler
                0x0000000008000c08                SPI2_IRQHandler
                0x0000000008000c08                OTG_HS_EP1_IN_IRQHandler
                0x0000000008000c08                DMA1_Stream0_IRQHandler
                0x0000000008000c08                CAN1_TX_IRQHandler
                0x0000000008000c08                EXTI4_IRQHandler
                0x0000000008000c08                RNG_IRQHandler
                0x0000000008000c08                ETH_IRQHandler
                0x0000000008000c08                OTG_HS_EP1_OUT_IRQHandler
                0x0000000008000c08                WWDG_IRQHandler
                0x0000000008000c08                SPI6_IRQHandler
                0x0000000008000c08                I2C4_EV_IRQHandler
                0x0000000008000c08                TIM2_IRQHandler
                0x0000000008000c08                OTG_FS_WKUP_IRQHandler
                0x0000000008000c08                TIM1_TRG_COM_TIM11_IRQHandler
                0x0000000008000c08                OTG_HS_IRQHandler
                0x0000000008000c08                DMA2D_IRQHandler
                0x0000000008000c08                EXTI1_IRQHandler
                0x0000000008000c08                UART7_IRQHandler
                0x0000000008000c08                USART2_IRQHandler
                0x0000000008000c08                I2C2_ER_IRQHandler
                0x0000000008000c08                DMA2_Stream1_IRQHandler
                0x0000000008000c08                CAN1_SCE_IRQHandler
                0x0000000008000c08                FLASH_IRQHandler
                0x0000000008000c08                DMA2_Stream4_IRQHandler
                0x0000000008000c08                USART1_IRQHandler
                0x0000000008000c08                OTG_FS_IRQHandler
                0x0000000008000c08                SPI3_IRQHandler
                0x0000000008000c08                DMA1_Stream4_IRQHandler
                0x0000000008000c08                I2C1_ER_IRQHandler
                0x0000000008000c08                FMC_IRQHandler
                0x0000000008000c08                LPTIM1_IRQHandler
                0x0000000008000c08                I2C4_ER_IRQHandler
                0x0000000008000c08                DMA2_Stream6_IRQHandler
                0x0000000008000c08                SAI1_IRQHandler
                0x0000000008000c08                DMA1_Stream3_IRQHandler
 .text.HAL_Init
                0x0000000008000c0a       0x1a ./Drivers/STM32F7xx_HAL_Driver/Src/stm32f7xx_hal.o
                0x0000000008000c0a                HAL_Init
 .text.HAL_InitTick
                0x0000000008000c24       0x60 ./Drivers/STM32F7xx_HAL_Driver/Src/stm32f7xx_hal.o
                0x0000000008000c24                HAL_InitTick
 .text.HAL_IncTick
                0x0000000008000c84       0x28 ./Drivers/STM32F7xx_HAL_Driver/Src/stm32f7xx_hal.o
                0x0000000008000c84                HAL_IncTick
 .text.HAL_GetTick
                0x0000000008000cac       0x18 ./Drivers/STM32F7xx_HAL_Driver/Src/stm32f7xx_hal.o
                0x0000000008000cac                HAL_GetTick
 .text.HAL_Delay
                0x0000000008000cc4       0x48 ./Drivers/STM32F7xx_HAL_Driver/Src/stm32f7xx_hal.o
                0x0000000008000cc4                HAL_Delay
 .text.__NVIC_SetPriorityGrouping
                0x0000000008000d0c       0x48 ./Drivers/STM32F7xx_HAL_Driver/Src/stm32f7xx_hal_cortex.o
 .text.__NVIC_GetPriorityGrouping
                0x0000000008000d54       0x1c ./Drivers/STM32F7xx_HAL_Driver/Src/stm32f7xx_hal_cortex.o
 .text.__NVIC_EnableIRQ
                0x0000000008000d70       0x3c ./Drivers/STM32F7xx_HAL_Driver/Src/stm32f7xx_hal_cortex.o
 .text.__NVIC_SetPriority
                0x0000000008000dac       0x54 ./Drivers/STM32F7xx_HAL_Driver/Src/stm32f7xx_hal_cortex.o
 .text.NVIC_EncodePriority
                0x0000000008000e00       0x66 ./Drivers/STM32F7xx_HAL_Driver/Src/stm32f7xx_hal_cortex.o
 *fill*         0x0000000008000e66        0x2 
 .text.SysTick_Config
                0x0000000008000e68       0x44 ./Drivers/STM32F7xx_HAL_Driver/Src/stm32f7xx_hal_cortex.o
 .text.HAL_NVIC_SetPriorityGrouping
                0x0000000008000eac       0x16 ./Drivers/STM32F7xx_HAL_Driver/Src/stm32f7xx_hal_cortex.o
                0x0000000008000eac                HAL_NVIC_SetPriorityGrouping
 .text.HAL_NVIC_SetPriority
                0x0000000008000ec2       0x38 ./Drivers/STM32F7xx_HAL_Driver/Src/stm32f7xx_hal_cortex.o
                0x0000000008000ec2                HAL_NVIC_SetPriority
 .text.HAL_NVIC_EnableIRQ
                0x0000000008000efa       0x1c ./Drivers/STM32F7xx_HAL_Driver/Src/stm32f7xx_hal_cortex.o
                0x0000000008000efa                HAL_NVIC_EnableIRQ
 .text.HAL_SYSTICK_Config
                0x0000000008000f16       0x18 ./Drivers/STM32F7xx_HAL_Driver/Src/stm32f7xx_hal_cortex.o
                0x0000000008000f16                HAL_SYSTICK_Config
 *fill*         0x0000000008000f2e        0x2 
 .text.HAL_CRC_Init
                0x0000000008000f30       0xc8 ./Drivers/STM32F7xx_HAL_Driver/Src/stm32f7xx_hal_crc.o
                0x0000000008000f30                HAL_CRC_Init
 .text.HAL_CRCEx_Polynomial_Set
                0x0000000008000ff8      0x10c ./Drivers/STM32F7xx_HAL_Driver/Src/stm32f7xx_hal_crc_ex.o
                0x0000000008000ff8                HAL_CRCEx_Polynomial_Set
 .text.HAL_DMA_Init
                0x0000000008001104      0x15c ./Drivers/STM32F7xx_HAL_Driver/Src/stm32f7xx_hal_dma.o
                0x0000000008001104                HAL_DMA_Init
 .text.HAL_DMA_DeInit
                0x0000000008001260       0xbc ./Drivers/STM32F7xx_HAL_Driver/Src/stm32f7xx_hal_dma.o
                0x0000000008001260                HAL_DMA_DeInit
 .text.DMA_CalcBaseAndBitshift
                0x000000000800131c       0x6c ./Drivers/STM32F7xx_HAL_Driver/Src/stm32f7xx_hal_dma.o
 .text.DMA_CheckFifoParam
                0x0000000008001388       0xf8 ./Drivers/STM32F7xx_HAL_Driver/Src/stm32f7xx_hal_dma.o
 .text.HAL_DMA2D_Init
                0x0000000008001480       0x94 ./Drivers/STM32F7xx_HAL_Driver/Src/stm32f7xx_hal_dma2d.o
                0x0000000008001480                HAL_DMA2D_Init
 .text.HAL_DMA2D_Start
                0x0000000008001514       0x56 ./Drivers/STM32F7xx_HAL_Driver/Src/stm32f7xx_hal_dma2d.o
                0x0000000008001514                HAL_DMA2D_Start
 .text.HAL_DMA2D_PollForTransfer
                0x000000000800156a      0x1d2 ./Drivers/STM32F7xx_HAL_Driver/Src/stm32f7xx_hal_dma2d.o
                0x000000000800156a                HAL_DMA2D_PollForTransfer
 .text.HAL_DMA2D_ConfigLayer
                0x000000000800173c      0x124 ./Drivers/STM32F7xx_HAL_Driver/Src/stm32f7xx_hal_dma2d.o
                0x000000000800173c                HAL_DMA2D_ConfigLayer
 .text.DMA2D_SetConfig
                0x0000000008001860      0x138 ./Drivers/STM32F7xx_HAL_Driver/Src/stm32f7xx_hal_dma2d.o
 .text.HAL_GPIO_Init
                0x0000000008001998      0x358 ./Drivers/STM32F7xx_HAL_Driver/Src/stm32f7xx_hal_gpio.o
                0x0000000008001998                HAL_GPIO_Init
 .text.HAL_GPIO_WritePin
                0x0000000008001cf0       0x32 ./Drivers/STM32F7xx_HAL_Driver/Src/stm32f7xx_hal_gpio.o
                0x0000000008001cf0                HAL_GPIO_WritePin
 *fill*         0x0000000008001d22        0x2 
 .text.HAL_I2C_Init
                0x0000000008001d24      0x120 ./Drivers/STM32F7xx_HAL_Driver/Src/stm32f7xx_hal_i2c.o
                0x0000000008001d24                HAL_I2C_Init
 .text.HAL_I2C_DeInit
                0x0000000008001e44       0x5e ./Drivers/STM32F7xx_HAL_Driver/Src/stm32f7xx_hal_i2c.o
                0x0000000008001e44                HAL_I2C_DeInit
 .text.HAL_I2C_MspInit
                0x0000000008001ea2       0x14 ./Drivers/STM32F7xx_HAL_Driver/Src/stm32f7xx_hal_i2c.o
                0x0000000008001ea2                HAL_I2C_MspInit
 .text.HAL_I2C_MspDeInit
                0x0000000008001eb6       0x14 ./Drivers/STM32F7xx_HAL_Driver/Src/stm32f7xx_hal_i2c.o
                0x0000000008001eb6                HAL_I2C_MspDeInit
 *fill*         0x0000000008001eca        0x2 
 .text.HAL_I2C_Mem_Write
                0x0000000008001ecc      0x228 ./Drivers/STM32F7xx_HAL_Driver/Src/stm32f7xx_hal_i2c.o
                0x0000000008001ecc                HAL_I2C_Mem_Write
 .text.HAL_I2C_Mem_Read
                0x00000000080020f4      0x234 ./Drivers/STM32F7xx_HAL_Driver/Src/stm32f7xx_hal_i2c.o
                0x00000000080020f4                HAL_I2C_Mem_Read
 .text.HAL_I2C_GetState
                0x0000000008002328       0x1c ./Drivers/STM32F7xx_HAL_Driver/Src/stm32f7xx_hal_i2c.o
                0x0000000008002328                HAL_I2C_GetState
 .text.I2C_RequestMemoryWrite
                0x0000000008002344       0xa8 ./Drivers/STM32F7xx_HAL_Driver/Src/stm32f7xx_hal_i2c.o
 .text.I2C_RequestMemoryRead
                0x00000000080023ec       0xa8 ./Drivers/STM32F7xx_HAL_Driver/Src/stm32f7xx_hal_i2c.o
 .text.I2C_Flush_TXDR
                0x0000000008002494       0x48 ./Drivers/STM32F7xx_HAL_Driver/Src/stm32f7xx_hal_i2c.o
 .text.I2C_WaitOnFlagUntilTimeout
                0x00000000080024dc       0x80 ./Drivers/STM32F7xx_HAL_Driver/Src/stm32f7xx_hal_i2c.o
 .text.I2C_WaitOnTXISFlagUntilTimeout
                0x000000000800255c       0x80 ./Drivers/STM32F7xx_HAL_Driver/Src/stm32f7xx_hal_i2c.o
 .text.I2C_WaitOnSTOPFlagUntilTimeout
                0x00000000080025dc       0x78 ./Drivers/STM32F7xx_HAL_Driver/Src/stm32f7xx_hal_i2c.o
 .text.I2C_IsErrorOccurred
                0x0000000008002654      0x1c0 ./Drivers/STM32F7xx_HAL_Driver/Src/stm32f7xx_hal_i2c.o
 .text.I2C_TransferConfig
                0x0000000008002814       0x64 ./Drivers/STM32F7xx_HAL_Driver/Src/stm32f7xx_hal_i2c.o
 .text.HAL_LTDC_Init
                0x0000000008002878      0x1b8 ./Drivers/STM32F7xx_HAL_Driver/Src/stm32f7xx_hal_ltdc.o
                0x0000000008002878                HAL_LTDC_Init
 .text.HAL_LTDC_MspInit
                0x0000000008002a30       0x14 ./Drivers/STM32F7xx_HAL_Driver/Src/stm32f7xx_hal_ltdc.o
                0x0000000008002a30                HAL_LTDC_MspInit
 .text.HAL_LTDC_IRQHandler
                0x0000000008002a44      0x158 ./Drivers/STM32F7xx_HAL_Driver/Src/stm32f7xx_hal_ltdc.o
                0x0000000008002a44                HAL_LTDC_IRQHandler
 .text.HAL_LTDC_ErrorCallback
                0x0000000008002b9c       0x14 ./Drivers/STM32F7xx_HAL_Driver/Src/stm32f7xx_hal_ltdc.o
                0x0000000008002b9c                HAL_LTDC_ErrorCallback
 .text.HAL_LTDC_LineEventCallback
                0x0000000008002bb0       0x14 ./Drivers/STM32F7xx_HAL_Driver/Src/stm32f7xx_hal_ltdc.o
                0x0000000008002bb0                HAL_LTDC_LineEventCallback
 .text.HAL_LTDC_ReloadEventCallback
                0x0000000008002bc4       0x14 ./Drivers/STM32F7xx_HAL_Driver/Src/stm32f7xx_hal_ltdc.o
                0x0000000008002bc4                HAL_LTDC_ReloadEventCallback
 .text.HAL_LTDC_ConfigLayer
                0x0000000008002bd8       0x7c ./Drivers/STM32F7xx_HAL_Driver/Src/stm32f7xx_hal_ltdc.o
                0x0000000008002bd8                HAL_LTDC_ConfigLayer
 .text.HAL_LTDC_GetState
                0x0000000008002c54       0x1c ./Drivers/STM32F7xx_HAL_Driver/Src/stm32f7xx_hal_ltdc.o
                0x0000000008002c54                HAL_LTDC_GetState
 .text.LTDC_SetConfig
                0x0000000008002c70      0x340 ./Drivers/STM32F7xx_HAL_Driver/Src/stm32f7xx_hal_ltdc.o
 .text.HAL_PWREx_EnableOverDrive
                0x0000000008002fb0       0xa0 ./Drivers/STM32F7xx_HAL_Driver/Src/stm32f7xx_hal_pwr_ex.o
                0x0000000008002fb0                HAL_PWREx_EnableOverDrive
 .text.HAL_RCC_OscConfig
                0x0000000008003050      0x548 ./Drivers/STM32F7xx_HAL_Driver/Src/stm32f7xx_hal_rcc.o
                0x0000000008003050                HAL_RCC_OscConfig
 .text.HAL_RCC_ClockConfig
                0x0000000008003598      0x1d8 ./Drivers/STM32F7xx_HAL_Driver/Src/stm32f7xx_hal_rcc.o
                0x0000000008003598                HAL_RCC_ClockConfig
 .text.HAL_RCC_GetSysClockFreq
                0x0000000008003770      0x18c ./Drivers/STM32F7xx_HAL_Driver/Src/stm32f7xx_hal_rcc.o
                0x0000000008003770                HAL_RCC_GetSysClockFreq
 .text.HAL_RCCEx_PeriphCLKConfig
                0x00000000080038fc      0x7e0 ./Drivers/STM32F7xx_HAL_Driver/Src/stm32f7xx_hal_rcc_ex.o
                0x00000000080038fc                HAL_RCCEx_PeriphCLKConfig
 .text.HAL_SDRAM_Init
                0x00000000080040dc       0x68 ./Drivers/STM32F7xx_HAL_Driver/Src/stm32f7xx_hal_sdram.o
                0x00000000080040dc                HAL_SDRAM_Init
 .text.HAL_SDRAM_MspInit
                0x0000000008004144       0x14 ./Drivers/STM32F7xx_HAL_Driver/Src/stm32f7xx_hal_sdram.o
                0x0000000008004144                HAL_SDRAM_MspInit
 .text.HAL_SDRAM_SendCommand
                0x0000000008004158       0x56 ./Drivers/STM32F7xx_HAL_Driver/Src/stm32f7xx_hal_sdram.o
                0x0000000008004158                HAL_SDRAM_SendCommand
 .text.HAL_SDRAM_ProgramRefreshRate
                0x00000000080041ae       0x40 ./Drivers/STM32F7xx_HAL_Driver/Src/stm32f7xx_hal_sdram.o
                0x00000000080041ae                HAL_SDRAM_ProgramRefreshRate
 *fill*         0x00000000080041ee        0x2 
 .text.FMC_SDRAM_Init
                0x00000000080041f0       0xe4 ./Drivers/STM32F7xx_HAL_Driver/Src/stm32f7xx_ll_fmc.o
                0x00000000080041f0                FMC_SDRAM_Init
 .text.FMC_SDRAM_Timing_Init
                0x00000000080042d4      0x100 ./Drivers/STM32F7xx_HAL_Driver/Src/stm32f7xx_ll_fmc.o
                0x00000000080042d4                FMC_SDRAM_Timing_Init
 .text.FMC_SDRAM_SendCommand
                0x00000000080043d4       0x42 ./Drivers/STM32F7xx_HAL_Driver/Src/stm32f7xx_ll_fmc.o
                0x00000000080043d4                FMC_SDRAM_SendCommand
 .text.FMC_SDRAM_ProgramRefreshRate
                0x0000000008004416       0x26 ./Drivers/STM32F7xx_HAL_Driver/Src/stm32f7xx_ll_fmc.o
                0x0000000008004416                FMC_SDRAM_ProgramRefreshRate
 .text.ft5336_Init
                0x000000000800443c       0x1c ./GUI files/ft5336.o
                0x000000000800443c                ft5336_Init
 .text.ft5336_Reset
                0x0000000008004458       0x16 ./GUI files/ft5336.o
                0x0000000008004458                ft5336_Reset
 .text.ft5336_ReadID
                0x000000000800446e       0x5c ./GUI files/ft5336.o
                0x000000000800446e                ft5336_ReadID
 .text.ft5336_TS_Start
                0x00000000080044ca       0x22 ./GUI files/ft5336.o
                0x00000000080044ca                ft5336_TS_Start
 .text.ft5336_TS_DetectTouch
                0x00000000080044ec       0x54 ./GUI files/ft5336.o
                0x00000000080044ec                ft5336_TS_DetectTouch
 .text.ft5336_TS_GetXY
                0x0000000008004540      0x1e0 ./GUI files/ft5336.o
                0x0000000008004540                ft5336_TS_GetXY
 .text.ft5336_TS_EnableIT
                0x0000000008004720       0x28 ./GUI files/ft5336.o
                0x0000000008004720                ft5336_TS_EnableIT
 .text.ft5336_TS_DisableIT
                0x0000000008004748       0x28 ./GUI files/ft5336.o
                0x0000000008004748                ft5336_TS_DisableIT
 .text.ft5336_TS_ITStatus
                0x0000000008004770       0x18 ./GUI files/ft5336.o
                0x0000000008004770                ft5336_TS_ITStatus
 .text.ft5336_TS_ClearIT
                0x0000000008004788       0x16 ./GUI files/ft5336.o
                0x0000000008004788                ft5336_TS_ClearIT
 .text.ft5336_TS_GetGestureID
                0x000000000800479e       0x32 ./GUI files/ft5336.o
                0x000000000800479e                ft5336_TS_GetGestureID
 .text.ft5336_TS_GetTouchInfo
                0x00000000080047d0      0x15c ./GUI files/ft5336.o
                0x00000000080047d0                ft5336_TS_GetTouchInfo
 .text.ft5336_Get_I2C_InitializedStatus
                0x000000000800492c       0x18 ./GUI files/ft5336.o
 .text.ft5336_I2C_InitializeIfRequired
                0x0000000008004944       0x20 ./GUI files/ft5336.o
 .text.ft5336_TS_Configure
                0x0000000008004964       0x1c ./GUI files/ft5336.o
 .text.I2Cx_MspInit
                0x0000000008004980      0x160 ./GUI files/stm32746g_discovery.o
 .text.I2Cx_Init
                0x0000000008004ae0       0x78 ./GUI files/stm32746g_discovery.o
 .text.I2Cx_ReadMultiple
                0x0000000008004b58       0x5a ./GUI files/stm32746g_discovery.o
 .text.I2Cx_WriteMultiple
                0x0000000008004bb2       0x5a ./GUI files/stm32746g_discovery.o
 .text.I2Cx_Error
                0x0000000008004c0c       0x20 ./GUI files/stm32746g_discovery.o
 .text.TS_IO_Init
                0x0000000008004c2c       0x14 ./GUI files/stm32746g_discovery.o
                0x0000000008004c2c                TS_IO_Init
 .text.TS_IO_Write
                0x0000000008004c40       0x34 ./GUI files/stm32746g_discovery.o
                0x0000000008004c40                TS_IO_Write
 .text.TS_IO_Read
                0x0000000008004c74       0x3c ./GUI files/stm32746g_discovery.o
                0x0000000008004c74                TS_IO_Read
 .text.TS_IO_Delay
                0x0000000008004cb0       0x16 ./GUI files/stm32746g_discovery.o
                0x0000000008004cb0                TS_IO_Delay
 *fill*         0x0000000008004cc6        0x2 
 .text.BSP_LCD_Init
                0x0000000008004cc8       0xe0 ./GUI files/stm32746g_discovery_lcd.o
                0x0000000008004cc8                BSP_LCD_Init
 .text.BSP_LCD_GetXSize
                0x0000000008004da8       0x28 ./GUI files/stm32746g_discovery_lcd.o
                0x0000000008004da8                BSP_LCD_GetXSize
 .text.BSP_LCD_GetYSize
                0x0000000008004dd0       0x28 ./GUI files/stm32746g_discovery_lcd.o
                0x0000000008004dd0                BSP_LCD_GetYSize
 .text.BSP_LCD_LayerDefaultInit
                0x0000000008004df8       0xc0 ./GUI files/stm32746g_discovery_lcd.o
                0x0000000008004df8                BSP_LCD_LayerDefaultInit
 .text.BSP_LCD_SelectLayer
                0x0000000008004eb8       0x20 ./GUI files/stm32746g_discovery_lcd.o
                0x0000000008004eb8                BSP_LCD_SelectLayer
 .text.BSP_LCD_SetTextColor
                0x0000000008004ed8       0x30 ./GUI files/stm32746g_discovery_lcd.o
                0x0000000008004ed8                BSP_LCD_SetTextColor
 .text.BSP_LCD_SetBackColor
                0x0000000008004f08       0x34 ./GUI files/stm32746g_discovery_lcd.o
                0x0000000008004f08                BSP_LCD_SetBackColor
 .text.BSP_LCD_SetFont
                0x0000000008004f3c       0x34 ./GUI files/stm32746g_discovery_lcd.o
                0x0000000008004f3c                BSP_LCD_SetFont
 .text.BSP_LCD_Clear
                0x0000000008004f70       0x50 ./GUI files/stm32746g_discovery_lcd.o
                0x0000000008004f70                BSP_LCD_Clear
 .text.BSP_LCD_DisplayChar
                0x0000000008004fc0       0x88 ./GUI files/stm32746g_discovery_lcd.o
                0x0000000008004fc0                BSP_LCD_DisplayChar
 .text.BSP_LCD_DisplayStringAt
                0x0000000008005048      0x190 ./GUI files/stm32746g_discovery_lcd.o
                0x0000000008005048                BSP_LCD_DisplayStringAt
 .text.BSP_LCD_DrawPixel
                0x00000000080051d8       0x90 ./GUI files/stm32746g_discovery_lcd.o
                0x00000000080051d8                BSP_LCD_DrawPixel
 .text.BSP_LCD_FillRect
                0x0000000008005268       0xf4 ./GUI files/stm32746g_discovery_lcd.o
                0x0000000008005268                BSP_LCD_FillRect
 .text.BSP_LCD_DisplayOn
                0x000000000800535c       0x3c ./GUI files/stm32746g_discovery_lcd.o
                0x000000000800535c                BSP_LCD_DisplayOn
 .text.BSP_LCD_MspInit
                0x0000000008005398      0x1b4 ./GUI files/stm32746g_discovery_lcd.o
                0x0000000008005398                BSP_LCD_MspInit
 .text.BSP_LCD_ClockConfig
                0x000000000800554c       0x38 ./GUI files/stm32746g_discovery_lcd.o
                0x000000000800554c                BSP_LCD_ClockConfig
 .text.DrawChar
                0x0000000008005584      0x170 ./GUI files/stm32746g_discovery_lcd.o
 .text.LL_FillBuffer
                0x00000000080056f4       0x98 ./GUI files/stm32746g_discovery_lcd.o
 .text.BSP_SDRAM_Init
                0x000000000800578c       0xbc ./GUI files/stm32746g_discovery_sdram.o
                0x000000000800578c                BSP_SDRAM_Init
 .text.BSP_SDRAM_Initialization_sequence
                0x0000000008005848       0xc0 ./GUI files/stm32746g_discovery_sdram.o
                0x0000000008005848                BSP_SDRAM_Initialization_sequence
 .text.BSP_SDRAM_MspInit
                0x0000000008005908      0x1f0 ./GUI files/stm32746g_discovery_sdram.o
                0x0000000008005908                BSP_SDRAM_MspInit
 .text.BSP_TS_Init
                0x0000000008005af8       0x80 ./GUI files/stm32746g_discovery_ts.o
                0x0000000008005af8                BSP_TS_Init
 .text.BSP_TS_GetState
                0x0000000008005b78      0x374 ./GUI files/stm32746g_discovery_ts.o
                0x0000000008005b78                BSP_TS_GetState
 .text.BSP_TS_Get_GestureId
                0x0000000008005eec      0x104 ./GUI files/stm32746g_discovery_ts.o
                0x0000000008005eec                BSP_TS_Get_GestureId
 .text.__errno  0x0000000008005ff0        0xc c:/st/stm32cubeide_1.10.1/stm32cubeide/plugins/com.st.stm32cube.ide.mcu.externaltools.gnu-tools-for-stm32.10.3-2021.10.win32_1.0.0.202111181127/tools/bin/../lib/gcc/arm-none-eabi/10.3.1/../../../../arm-none-eabi/lib/thumb/v7e-m+fp/hard\libc_nano.a(lib_a-errno.o)
                0x0000000008005ff0                __errno
 .text.__libc_init_array
                0x0000000008005ffc       0x48 c:/st/stm32cubeide_1.10.1/stm32cubeide/plugins/com.st.stm32cube.ide.mcu.externaltools.gnu-tools-for-stm32.10.3-2021.10.win32_1.0.0.202111181127/tools/bin/../lib/gcc/arm-none-eabi/10.3.1/../../../../arm-none-eabi/lib/thumb/v7e-m+fp/hard\libc_nano.a(lib_a-init.o)
                0x0000000008005ffc                __libc_init_array
 .text.memset   0x0000000008006044       0x10 c:/st/stm32cubeide_1.10.1/stm32cubeide/plugins/com.st.stm32cube.ide.mcu.externaltools.gnu-tools-for-stm32.10.3-2021.10.win32_1.0.0.202111181127/tools/bin/../lib/gcc/arm-none-eabi/10.3.1/../../../../arm-none-eabi/lib/thumb/v7e-m+fp/hard\libc_nano.a(lib_a-memset.o)
                0x0000000008006044                memset
 .text.sprintf  0x0000000008006054       0x40 c:/st/stm32cubeide_1.10.1/stm32cubeide/plugins/com.st.stm32cube.ide.mcu.externaltools.gnu-tools-for-stm32.10.3-2021.10.win32_1.0.0.202111181127/tools/bin/../lib/gcc/arm-none-eabi/10.3.1/../../../../arm-none-eabi/lib/thumb/v7e-m+fp/hard\libc_nano.a(lib_a-sprintf.o)
                0x0000000008006054                siprintf
                0x0000000008006054                sprintf
 .text.__ssputs_r
                0x0000000008006094       0xb6 c:/st/stm32cubeide_1.10.1/stm32cubeide/plugins/com.st.stm32cube.ide.mcu.externaltools.gnu-tools-for-stm32.10.3-2021.10.win32_1.0.0.202111181127/tools/bin/../lib/gcc/arm-none-eabi/10.3.1/../../../../arm-none-eabi/lib/thumb/v7e-m+fp/hard\libc_nano.a(lib_a-nano-svfprintf.o)
                0x0000000008006094                __ssputs_r
 *fill*         0x000000000800614a        0x2 
 .text._svfprintf_r
                0x000000000800614c      0x200 c:/st/stm32cubeide_1.10.1/stm32cubeide/plugins/com.st.stm32cube.ide.mcu.externaltools.gnu-tools-for-stm32.10.3-2021.10.win32_1.0.0.202111181127/tools/bin/../lib/gcc/arm-none-eabi/10.3.1/../../../../arm-none-eabi/lib/thumb/v7e-m+fp/hard\libc_nano.a(lib_a-nano-svfprintf.o)
                0x000000000800614c                _svfiprintf_r
                0x000000000800614c                _svfprintf_r
 .text._printf_common
                0x000000000800634c       0xda c:/st/stm32cubeide_1.10.1/stm32cubeide/plugins/com.st.stm32cube.ide.mcu.externaltools.gnu-tools-for-stm32.10.3-2021.10.win32_1.0.0.202111181127/tools/bin/../lib/gcc/arm-none-eabi/10.3.1/../../../../arm-none-eabi/lib/thumb/v7e-m+fp/hard\libc_nano.a(lib_a-nano-vfprintf_i.o)
                0x000000000800634c                _printf_common
 *fill*         0x0000000008006426        0x2 
 .text._printf_i
                0x0000000008006428      0x24c c:/st/stm32cubeide_1.10.1/stm32cubeide/plugins/com.st.stm32cube.ide.mcu.externaltools.gnu-tools-for-stm32.10.3-2021.10.win32_1.0.0.202111181127/tools/bin/../lib/gcc/arm-none-eabi/10.3.1/../../../../arm-none-eabi/lib/thumb/v7e-m+fp/hard\libc_nano.a(lib_a-nano-vfprintf_i.o)
                0x0000000008006428                _printf_i
 .text.memcpy   0x0000000008006674       0x1c c:/st/stm32cubeide_1.10.1/stm32cubeide/plugins/com.st.stm32cube.ide.mcu.externaltools.gnu-tools-for-stm32.10.3-2021.10.win32_1.0.0.202111181127/tools/bin/../lib/gcc/arm-none-eabi/10.3.1/../../../../arm-none-eabi/lib/thumb/v7e-m+fp/hard\libc_nano.a(lib_a-memcpy-stub.o)
                0x0000000008006674                memcpy
 .text.memmove  0x0000000008006690       0x34 c:/st/stm32cubeide_1.10.1/stm32cubeide/plugins/com.st.stm32cube.ide.mcu.externaltools.gnu-tools-for-stm32.10.3-2021.10.win32_1.0.0.202111181127/tools/bin/../lib/gcc/arm-none-eabi/10.3.1/../../../../arm-none-eabi/lib/thumb/v7e-m+fp/hard\libc_nano.a(lib_a-memmove.o)
                0x0000000008006690                memmove
 .text._free_r  0x00000000080066c4       0x98 c:/st/stm32cubeide_1.10.1/stm32cubeide/plugins/com.st.stm32cube.ide.mcu.externaltools.gnu-tools-for-stm32.10.3-2021.10.win32_1.0.0.202111181127/tools/bin/../lib/gcc/arm-none-eabi/10.3.1/../../../../arm-none-eabi/lib/thumb/v7e-m+fp/hard\libc_nano.a(lib_a-nano-freer.o)
                0x00000000080066c4                _free_r
 .text.sbrk_aligned
                0x000000000800675c       0x40 c:/st/stm32cubeide_1.10.1/stm32cubeide/plugins/com.st.stm32cube.ide.mcu.externaltools.gnu-tools-for-stm32.10.3-2021.10.win32_1.0.0.202111181127/tools/bin/../lib/gcc/arm-none-eabi/10.3.1/../../../../arm-none-eabi/lib/thumb/v7e-m+fp/hard\libc_nano.a(lib_a-nano-mallocr.o)
 .text._malloc_r
                0x000000000800679c       0xe8 c:/st/stm32cubeide_1.10.1/stm32cubeide/plugins/com.st.stm32cube.ide.mcu.externaltools.gnu-tools-for-stm32.10.3-2021.10.win32_1.0.0.202111181127/tools/bin/../lib/gcc/arm-none-eabi/10.3.1/../../../../arm-none-eabi/lib/thumb/v7e-m+fp/hard\libc_nano.a(lib_a-nano-mallocr.o)
                0x000000000800679c                _malloc_r
 .text._realloc_r
                0x0000000008006884       0x5e c:/st/stm32cubeide_1.10.1/stm32cubeide/plugins/com.st.stm32cube.ide.mcu.externaltools.gnu-tools-for-stm32.10.3-2021.10.win32_1.0.0.202111181127/tools/bin/../lib/gcc/arm-none-eabi/10.3.1/../../../../arm-none-eabi/lib/thumb/v7e-m+fp/hard\libc_nano.a(lib_a-nano-reallocr.o)
                0x0000000008006884                _realloc_r
 *fill*         0x00000000080068e2        0x2 
 .text._sbrk_r  0x00000000080068e4       0x20 c:/st/stm32cubeide_1.10.1/stm32cubeide/plugins/com.st.stm32cube.ide.mcu.externaltools.gnu-tools-for-stm32.10.3-2021.10.win32_1.0.0.202111181127/tools/bin/../lib/gcc/arm-none-eabi/10.3.1/../../../../arm-none-eabi/lib/thumb/v7e-m+fp/hard\libc_nano.a(lib_a-sbrkr.o)
                0x00000000080068e4                _sbrk_r
 .text.__malloc_lock
                0x0000000008006904        0xc c:/st/stm32cubeide_1.10.1/stm32cubeide/plugins/com.st.stm32cube.ide.mcu.externaltools.gnu-tools-for-stm32.10.3-2021.10.win32_1.0.0.202111181127/tools/bin/../lib/gcc/arm-none-eabi/10.3.1/../../../../arm-none-eabi/lib/thumb/v7e-m+fp/hard\libc_nano.a(lib_a-mlock.o)
                0x0000000008006904                __malloc_lock
 .text.__malloc_unlock
                0x0000000008006910        0xc c:/st/stm32cubeide_1.10.1/stm32cubeide/plugins/com.st.stm32cube.ide.mcu.externaltools.gnu-tools-for-stm32.10.3-2021.10.win32_1.0.0.202111181127/tools/bin/../lib/gcc/arm-none-eabi/10.3.1/../../../../arm-none-eabi/lib/thumb/v7e-m+fp/hard\libc_nano.a(lib_a-mlock.o)
                0x0000000008006910                __malloc_unlock
 .text._malloc_usable_size_r
                0x000000000800691c       0x10 c:/st/stm32cubeide_1.10.1/stm32cubeide/plugins/com.st.stm32cube.ide.mcu.externaltools.gnu-tools-for-stm32.10.3-2021.10.win32_1.0.0.202111181127/tools/bin/../lib/gcc/arm-none-eabi/10.3.1/../../../../arm-none-eabi/lib/thumb/v7e-m+fp/hard\libc_nano.a(lib_a-nano-msizer.o)
                0x000000000800691c                _malloc_usable_size_r
 .text.__retarget_lock_acquire_recursive
                0x000000000800692c        0x2 c:/st/stm32cubeide_1.10.1/stm32cubeide/plugins/com.st.stm32cube.ide.mcu.externaltools.gnu-tools-for-stm32.10.3-2021.10.win32_1.0.0.202111181127/tools/bin/../lib/gcc/arm-none-eabi/10.3.1/../../../../arm-none-eabi/lib/thumb/v7e-m+fp/hard\libc_nano.a(lib_a-lock.o)
                0x000000000800692c                __retarget_lock_acquire_recursive
 .text.__retarget_lock_release_recursive
                0x000000000800692e        0x2 c:/st/stm32cubeide_1.10.1/stm32cubeide/plugins/com.st.stm32cube.ide.mcu.externaltools.gnu-tools-for-stm32.10.3-2021.10.win32_1.0.0.202111181127/tools/bin/../lib/gcc/arm-none-eabi/10.3.1/../../../../arm-none-eabi/lib/thumb/v7e-m+fp/hard\libc_nano.a(lib_a-lock.o)
                0x000000000800692e                __retarget_lock_release_recursive
 *(.glue_7)
 .glue_7        0x0000000008006930        0x0 linker stubs
 *(.glue_7t)
 .glue_7t       0x0000000008006930        0x0 linker stubs
 *(.eh_frame)
 .eh_frame      0x0000000008006930        0x0 c:/st/stm32cubeide_1.10.1/stm32cubeide/plugins/com.st.stm32cube.ide.mcu.externaltools.gnu-tools-for-stm32.10.3-2021.10.win32_1.0.0.202111181127/tools/bin/../lib/gcc/arm-none-eabi/10.3.1/thumb/v7e-m+fp/hard/crtbegin.o
 *(.init)
 .init          0x0000000008006930        0x4 c:/st/stm32cubeide_1.10.1/stm32cubeide/plugins/com.st.stm32cube.ide.mcu.externaltools.gnu-tools-for-stm32.10.3-2021.10.win32_1.0.0.202111181127/tools/bin/../lib/gcc/arm-none-eabi/10.3.1/thumb/v7e-m+fp/hard/crti.o
                0x0000000008006930                _init
 .init          0x0000000008006934        0x8 c:/st/stm32cubeide_1.10.1/stm32cubeide/plugins/com.st.stm32cube.ide.mcu.externaltools.gnu-tools-for-stm32.10.3-2021.10.win32_1.0.0.202111181127/tools/bin/../lib/gcc/arm-none-eabi/10.3.1/thumb/v7e-m+fp/hard/crtn.o
 *(.fini)
 .fini          0x000000000800693c        0x4 c:/st/stm32cubeide_1.10.1/stm32cubeide/plugins/com.st.stm32cube.ide.mcu.externaltools.gnu-tools-for-stm32.10.3-2021.10.win32_1.0.0.202111181127/tools/bin/../lib/gcc/arm-none-eabi/10.3.1/thumb/v7e-m+fp/hard/crti.o
                0x000000000800693c                _fini
 .fini          0x0000000008006940        0x8 c:/st/stm32cubeide_1.10.1/stm32cubeide/plugins/com.st.stm32cube.ide.mcu.externaltools.gnu-tools-for-stm32.10.3-2021.10.win32_1.0.0.202111181127/tools/bin/../lib/gcc/arm-none-eabi/10.3.1/thumb/v7e-m+fp/hard/crtn.o
                0x0000000008006948                . = ALIGN (0x4)
                0x0000000008006948                _etext = .

.vfp11_veneer   0x0000000008006948        0x0
 .vfp11_veneer  0x0000000008006948        0x0 linker stubs

.v4_bx          0x0000000008006948        0x0
 .v4_bx         0x0000000008006948        0x0 linker stubs

.iplt           0x0000000008006948        0x0
 .iplt          0x0000000008006948        0x0 c:/st/stm32cubeide_1.10.1/stm32cubeide/plugins/com.st.stm32cube.ide.mcu.externaltools.gnu-tools-for-stm32.10.3-2021.10.win32_1.0.0.202111181127/tools/bin/../lib/gcc/arm-none-eabi/10.3.1/thumb/v7e-m+fp/hard/crtbegin.o

.rodata         0x0000000008006948     0x1b48
                0x0000000008006948                . = ALIGN (0x4)
 *(.rodata)
 .rodata        0x0000000008006948       0x41 ./Core/Src/main.o
 *(.rodata*)
 *fill*         0x0000000008006989        0x3 
 .rodata.AHBPrescTable
                0x000000000800698c       0x10 ./Core/Src/system_stm32f7xx.o
                0x000000000800698c                AHBPrescTable
 .rodata.flagBitshiftOffset.0
                0x000000000800699c        0x8 ./Drivers/STM32F7xx_HAL_Driver/Src/stm32f7xx_hal_dma.o
 .rodata.Font24_Table
                0x00000000080069a4     0x1ab8 ./GUI files/font24.o
                0x00000000080069a4                Font24_Table
 .rodata._svfprintf_r.str1.1
                0x000000000800845c       0x11 c:/st/stm32cubeide_1.10.1/stm32cubeide/plugins/com.st.stm32cube.ide.mcu.externaltools.gnu-tools-for-stm32.10.3-2021.10.win32_1.0.0.202111181127/tools/bin/../lib/gcc/arm-none-eabi/10.3.1/../../../../arm-none-eabi/lib/thumb/v7e-m+fp/hard\libc_nano.a(lib_a-nano-svfprintf.o)
 .rodata._printf_i.str1.1
                0x000000000800846d       0x22 c:/st/stm32cubeide_1.10.1/stm32cubeide/plugins/com.st.stm32cube.ide.mcu.externaltools.gnu-tools-for-stm32.10.3-2021.10.win32_1.0.0.202111181127/tools/bin/../lib/gcc/arm-none-eabi/10.3.1/../../../../arm-none-eabi/lib/thumb/v7e-m+fp/hard\libc_nano.a(lib_a-nano-vfprintf_i.o)
                0x0000000008008490                . = ALIGN (0x4)
 *fill*         0x000000000800848f        0x1 

.ARM.extab      0x0000000008008490        0x0
                0x0000000008008490                . = ALIGN (0x4)
 *(.ARM.extab* .gnu.linkonce.armextab.*)
                0x0000000008008490                . = ALIGN (0x4)

.ARM            0x0000000008008490        0x8
                0x0000000008008490                . = ALIGN (0x4)
                0x0000000008008490                __exidx_start = .
 *(.ARM.exidx*)
 .ARM.exidx     0x0000000008008490        0x8 c:/st/stm32cubeide_1.10.1/stm32cubeide/plugins/com.st.stm32cube.ide.mcu.externaltools.gnu-tools-for-stm32.10.3-2021.10.win32_1.0.0.202111181127/tools/bin/../lib/gcc/arm-none-eabi/10.3.1/thumb/v7e-m+fp/hard\libgcc.a(_udivmoddi4.o)
                0x0000000008008498                __exidx_end = .
                0x0000000008008498                . = ALIGN (0x4)

.rel.dyn        0x0000000008008498        0x0
 .rel.iplt      0x0000000008008498        0x0 c:/st/stm32cubeide_1.10.1/stm32cubeide/plugins/com.st.stm32cube.ide.mcu.externaltools.gnu-tools-for-stm32.10.3-2021.10.win32_1.0.0.202111181127/tools/bin/../lib/gcc/arm-none-eabi/10.3.1/thumb/v7e-m+fp/hard/crtbegin.o

.preinit_array  0x0000000008008498        0x0
                0x0000000008008498                . = ALIGN (0x4)
                0x0000000008008498                PROVIDE (__preinit_array_start = .)
 *(.preinit_array*)
                0x0000000008008498                PROVIDE (__preinit_array_end = .)
                0x0000000008008498                . = ALIGN (0x4)

.init_array     0x0000000008008498        0x4
                0x0000000008008498                . = ALIGN (0x4)
                0x0000000008008498                PROVIDE (__init_array_start = .)
 *(SORT_BY_NAME(.init_array.*))
 *(.init_array*)
 .init_array    0x0000000008008498        0x4 c:/st/stm32cubeide_1.10.1/stm32cubeide/plugins/com.st.stm32cube.ide.mcu.externaltools.gnu-tools-for-stm32.10.3-2021.10.win32_1.0.0.202111181127/tools/bin/../lib/gcc/arm-none-eabi/10.3.1/thumb/v7e-m+fp/hard/crtbegin.o
                0x000000000800849c                PROVIDE (__init_array_end = .)
                0x000000000800849c                . = ALIGN (0x4)

.fini_array     0x000000000800849c        0x4
                0x000000000800849c                . = ALIGN (0x4)
                [!provide]                        PROVIDE (__fini_array_start = .)
 *(SORT_BY_NAME(.fini_array.*))
 *(.fini_array*)
 .fini_array    0x000000000800849c        0x4 c:/st/stm32cubeide_1.10.1/stm32cubeide/plugins/com.st.stm32cube.ide.mcu.externaltools.gnu-tools-for-stm32.10.3-2021.10.win32_1.0.0.202111181127/tools/bin/../lib/gcc/arm-none-eabi/10.3.1/thumb/v7e-m+fp/hard/crtbegin.o
                [!provide]                        PROVIDE (__fini_array_end = .)
                0x00000000080084a0                . = ALIGN (0x4)
                0x00000000080084a0                _sidata = LOADADDR (.data)

.data           0x0000000020000000       0xa4 load address 0x00000000080084a0
                0x0000000020000000                . = ALIGN (0x4)
                0x0000000020000000                _sdata = .
 *(.data)
 *(.data*)
 .data.SystemCoreClock
                0x0000000020000000        0x4 ./Core/Src/system_stm32f7xx.o
                0x0000000020000000                SystemCoreClock
 .data.uwTickPrio
                0x0000000020000004        0x4 ./Drivers/STM32F7xx_HAL_Driver/Src/stm32f7xx_hal.o
                0x0000000020000004                uwTickPrio
 .data.uwTickFreq
                0x0000000020000008        0x1 ./Drivers/STM32F7xx_HAL_Driver/Src/stm32f7xx_hal.o
                0x0000000020000008                uwTickFreq
 *fill*         0x0000000020000009        0x3 
 .data.Font24   0x000000002000000c        0x8 ./GUI files/font24.o
                0x000000002000000c                Font24
 .data.ft5336_ts_drv
                0x0000000020000014       0x28 ./GUI files/ft5336.o
                0x0000000020000014                ft5336_ts_drv
 .data.sdramstatus.3
                0x000000002000003c        0x1 ./GUI files/stm32746g_discovery_sdram.o
 *fill*         0x000000002000003d        0x3 
 .data._impure_ptr
                0x0000000020000040        0x4 c:/st/stm32cubeide_1.10.1/stm32cubeide/plugins/com.st.stm32cube.ide.mcu.externaltools.gnu-tools-for-stm32.10.3-2021.10.win32_1.0.0.202111181127/tools/bin/../lib/gcc/arm-none-eabi/10.3.1/../../../../arm-none-eabi/lib/thumb/v7e-m+fp/hard\libc_nano.a(lib_a-impure.o)
                0x0000000020000040                _impure_ptr
 .data.impure_data
                0x0000000020000044       0x60 c:/st/stm32cubeide_1.10.1/stm32cubeide/plugins/com.st.stm32cube.ide.mcu.externaltools.gnu-tools-for-stm32.10.3-2021.10.win32_1.0.0.202111181127/tools/bin/../lib/gcc/arm-none-eabi/10.3.1/../../../../arm-none-eabi/lib/thumb/v7e-m+fp/hard\libc_nano.a(lib_a-impure.o)
 *(.RamFunc)
 *(.RamFunc*)
                0x00000000200000a4                . = ALIGN (0x4)
                0x00000000200000a4                _edata = .

.igot.plt       0x00000000200000a4        0x0 load address 0x0000000008008544
 .igot.plt      0x00000000200000a4        0x0 c:/st/stm32cubeide_1.10.1/stm32cubeide/plugins/com.st.stm32cube.ide.mcu.externaltools.gnu-tools-for-stm32.10.3-2021.10.win32_1.0.0.202111181127/tools/bin/../lib/gcc/arm-none-eabi/10.3.1/thumb/v7e-m+fp/hard/crtbegin.o
                0x00000000200000a4                . = ALIGN (0x4)

.bss            0x00000000200000a4      0x3a8 load address 0x0000000008008544
                0x00000000200000a4                _sbss = .
                0x00000000200000a4                __bss_start__ = _sbss
 *(.bss)
 .bss           0x00000000200000a4       0x1c c:/st/stm32cubeide_1.10.1/stm32cubeide/plugins/com.st.stm32cube.ide.mcu.externaltools.gnu-tools-for-stm32.10.3-2021.10.win32_1.0.0.202111181127/tools/bin/../lib/gcc/arm-none-eabi/10.3.1/thumb/v7e-m+fp/hard/crtbegin.o
 *(.bss*)
 .bss.hcrc      0x00000000200000c0       0x24 ./Core/Src/main.o
                0x00000000200000c0                hcrc
 .bss.hdma2d    0x00000000200000e4       0x40 ./Core/Src/main.o
                0x00000000200000e4                hdma2d
 .bss.ts        0x0000000020000124       0x2c ./Core/Src/main.o
                0x0000000020000124                ts
 .bss.xTouchStr
                0x0000000020000150        0xa ./Core/Src/main.o
                0x0000000020000150                xTouchStr
 *fill*         0x000000002000015a        0x2 
 .bss.__sbrk_heap_end
                0x000000002000015c        0x4 ./Core/Src/sysmem.o
 .bss.uwTick    0x0000000020000160        0x4 ./Drivers/STM32F7xx_HAL_Driver/Src/stm32f7xx_hal.o
                0x0000000020000160                uwTick
 .bss.ft5336_handle
                0x0000000020000164        0x3 ./GUI files/ft5336.o
 *fill*         0x0000000020000167        0x1 
 .bss.coord.0   0x0000000020000168        0x2 ./GUI files/ft5336.o
 *fill*         0x000000002000016a        0x2 
 .bss.hI2cAudioHandler
                0x000000002000016c       0x54 ./GUI files/stm32746g_discovery.o
 .bss.hLtdcHandler
                0x00000000200001c0       0xa8 ./GUI files/stm32746g_discovery_lcd.o
                0x00000000200001c0                hLtdcHandler
 .bss.hDma2dHandler
                0x0000000020000268       0x40 ./GUI files/stm32746g_discovery_lcd.o
 .bss.ActiveLayer
                0x00000000200002a8        0x4 ./GUI files/stm32746g_discovery_lcd.o
 .bss.DrawProp  0x00000000200002ac       0x18 ./GUI files/stm32746g_discovery_lcd.o
 .bss.periph_clk_init_struct.0
                0x00000000200002c4       0x84 ./GUI files/stm32746g_discovery_lcd.o
 .bss.sdramHandle
                0x0000000020000348       0x34 ./GUI files/stm32746g_discovery_sdram.o
                0x0000000020000348                sdramHandle
 .bss.Timing    0x000000002000037c       0x1c ./GUI files/stm32746g_discovery_sdram.o
 .bss.Command   0x0000000020000398       0x10 ./GUI files/stm32746g_discovery_sdram.o
 .bss.dma_handle.1
                0x00000000200003a8       0x60 ./GUI files/stm32746g_discovery_sdram.o
 .bss.tsDriver  0x0000000020000408        0x4 ./GUI files/stm32746g_discovery_ts.o
 .bss.tsXBoundary
                0x000000002000040c        0x2 ./GUI files/stm32746g_discovery_ts.o
 .bss.tsYBoundary
                0x000000002000040e        0x2 ./GUI files/stm32746g_discovery_ts.o
 .bss.tsOrientation
                0x0000000020000410        0x1 ./GUI files/stm32746g_discovery_ts.o
 .bss.I2cAddress
                0x0000000020000411        0x1 ./GUI files/stm32746g_discovery_ts.o
 *fill*         0x0000000020000412        0x2 
 .bss._x.1      0x0000000020000414       0x14 ./GUI files/stm32746g_discovery_ts.o
 .bss._y.0      0x0000000020000428       0x14 ./GUI files/stm32746g_discovery_ts.o
 .bss.__malloc_free_list
                0x000000002000043c        0x4 c:/st/stm32cubeide_1.10.1/stm32cubeide/plugins/com.st.stm32cube.ide.mcu.externaltools.gnu-tools-for-stm32.10.3-2021.10.win32_1.0.0.202111181127/tools/bin/../lib/gcc/arm-none-eabi/10.3.1/../../../../arm-none-eabi/lib/thumb/v7e-m+fp/hard\libc_nano.a(lib_a-nano-mallocr.o)
                0x000000002000043c                __malloc_free_list
 .bss.__malloc_sbrk_start
                0x0000000020000440        0x4 c:/st/stm32cubeide_1.10.1/stm32cubeide/plugins/com.st.stm32cube.ide.mcu.externaltools.gnu-tools-for-stm32.10.3-2021.10.win32_1.0.0.202111181127/tools/bin/../lib/gcc/arm-none-eabi/10.3.1/../../../../arm-none-eabi/lib/thumb/v7e-m+fp/hard\libc_nano.a(lib_a-nano-mallocr.o)
                0x0000000020000440                __malloc_sbrk_start
 .bss.errno     0x0000000020000444        0x4 c:/st/stm32cubeide_1.10.1/stm32cubeide/plugins/com.st.stm32cube.ide.mcu.externaltools.gnu-tools-for-stm32.10.3-2021.10.win32_1.0.0.202111181127/tools/bin/../lib/gcc/arm-none-eabi/10.3.1/../../../../arm-none-eabi/lib/thumb/v7e-m+fp/hard\libc_nano.a(lib_a-reent.o)
                0x0000000020000444                errno
 .bss.__lock___malloc_recursive_mutex
                0x0000000020000448        0x1 c:/st/stm32cubeide_1.10.1/stm32cubeide/plugins/com.st.stm32cube.ide.mcu.externaltools.gnu-tools-for-stm32.10.3-2021.10.win32_1.0.0.202111181127/tools/bin/../lib/gcc/arm-none-eabi/10.3.1/../../../../arm-none-eabi/lib/thumb/v7e-m+fp/hard\libc_nano.a(lib_a-lock.o)
                0x0000000020000448                __lock___malloc_recursive_mutex
 *(COMMON)
                0x000000002000044c                . = ALIGN (0x4)
 *fill*         0x0000000020000449        0x3 
                0x000000002000044c                _ebss = .
                0x000000002000044c                __bss_end__ = _ebss

._user_heap_stack
                0x000000002000044c      0x604 load address 0x0000000008008544
                0x0000000020000450                . = ALIGN (0x8)
 *fill*         0x000000002000044c        0x4 
                [!provide]                        PROVIDE (end = .)
                0x0000000020000450                PROVIDE (_end = .)
                0x0000000020000650                . = (. + _Min_Heap_Size)
 *fill*         0x0000000020000450      0x200 
                0x0000000020000a50                . = (. + _Min_Stack_Size)
 *fill*         0x0000000020000650      0x400 
                0x0000000020000a50                . = ALIGN (0x8)

/DISCARD/
 libc.a(*)
 libm.a(*)
 libgcc.a(*)

.ARM.attributes
                0x0000000000000000       0x30
 *(.ARM.attributes)
 .ARM.attributes
                0x0000000000000000       0x1e c:/st/stm32cubeide_1.10.1/stm32cubeide/plugins/com.st.stm32cube.ide.mcu.externaltools.gnu-tools-for-stm32.10.3-2021.10.win32_1.0.0.202111181127/tools/bin/../lib/gcc/arm-none-eabi/10.3.1/thumb/v7e-m+fp/hard/crti.o
 .ARM.attributes
                0x000000000000001e       0x34 c:/st/stm32cubeide_1.10.1/stm32cubeide/plugins/com.st.stm32cube.ide.mcu.externaltools.gnu-tools-for-stm32.10.3-2021.10.win32_1.0.0.202111181127/tools/bin/../lib/gcc/arm-none-eabi/10.3.1/thumb/v7e-m+fp/hard/crtbegin.o
 .ARM.attributes
                0x0000000000000052       0x34 ./Core/Src/main.o
 .ARM.attributes
                0x0000000000000086       0x34 ./Core/Src/stm32f7xx_hal_msp.o
 .ARM.attributes
                0x00000000000000ba       0x34 ./Core/Src/stm32f7xx_it.o
 .ARM.attributes
                0x00000000000000ee       0x34 ./Core/Src/sysmem.o
 .ARM.attributes
                0x0000000000000122       0x34 ./Core/Src/system_stm32f7xx.o
 .ARM.attributes
                0x0000000000000156       0x21 ./Core/Startup/startup_stm32f746nghx.o
 .ARM.attributes
                0x0000000000000177       0x34 ./Drivers/STM32F7xx_HAL_Driver/Src/stm32f7xx_hal.o
 .ARM.attributes
                0x00000000000001ab       0x34 ./Drivers/STM32F7xx_HAL_Driver/Src/stm32f7xx_hal_cortex.o
 .ARM.attributes
                0x00000000000001df       0x34 ./Drivers/STM32F7xx_HAL_Driver/Src/stm32f7xx_hal_crc.o
 .ARM.attributes
                0x0000000000000213       0x34 ./Drivers/STM32F7xx_HAL_Driver/Src/stm32f7xx_hal_crc_ex.o
 .ARM.attributes
                0x0000000000000247       0x34 ./Drivers/STM32F7xx_HAL_Driver/Src/stm32f7xx_hal_dma.o
 .ARM.attributes
                0x000000000000027b       0x34 ./Drivers/STM32F7xx_HAL_Driver/Src/stm32f7xx_hal_dma2d.o
 .ARM.attributes
                0x00000000000002af       0x34 ./Drivers/STM32F7xx_HAL_Driver/Src/stm32f7xx_hal_gpio.o
 .ARM.attributes
                0x00000000000002e3       0x34 ./Drivers/STM32F7xx_HAL_Driver/Src/stm32f7xx_hal_i2c.o
 .ARM.attributes
                0x0000000000000317       0x34 ./Drivers/STM32F7xx_HAL_Driver/Src/stm32f7xx_hal_ltdc.o
 .ARM.attributes
                0x000000000000034b       0x34 ./Drivers/STM32F7xx_HAL_Driver/Src/stm32f7xx_hal_pwr_ex.o
 .ARM.attributes
                0x000000000000037f       0x34 ./Drivers/STM32F7xx_HAL_Driver/Src/stm32f7xx_hal_rcc.o
 .ARM.attributes
                0x00000000000003b3       0x34 ./Drivers/STM32F7xx_HAL_Driver/Src/stm32f7xx_hal_rcc_ex.o
 .ARM.attributes
                0x00000000000003e7       0x34 ./Drivers/STM32F7xx_HAL_Driver/Src/stm32f7xx_hal_sdram.o
 .ARM.attributes
                0x000000000000041b       0x34 ./Drivers/STM32F7xx_HAL_Driver/Src/stm32f7xx_ll_fmc.o
 .ARM.attributes
                0x000000000000044f       0x34 ./GUI files/font24.o
 .ARM.attributes
                0x0000000000000483       0x34 ./GUI files/ft5336.o
 .ARM.attributes
                0x00000000000004b7       0x34 ./GUI files/stm32746g_discovery.o
 .ARM.attributes
                0x00000000000004eb       0x34 ./GUI files/stm32746g_discovery_lcd.o
 .ARM.attributes
                0x000000000000051f       0x34 ./GUI files/stm32746g_discovery_sdram.o
 .ARM.attributes
                0x0000000000000553       0x34 ./GUI files/stm32746g_discovery_ts.o
 .ARM.attributes
                0x0000000000000587       0x34 c:/st/stm32cubeide_1.10.1/stm32cubeide/plugins/com.st.stm32cube.ide.mcu.externaltools.gnu-tools-for-stm32.10.3-2021.10.win32_1.0.0.202111181127/tools/bin/../lib/gcc/arm-none-eabi/10.3.1/../../../../arm-none-eabi/lib/thumb/v7e-m+fp/hard\libc_nano.a(lib_a-errno.o)
 .ARM.attributes
                0x00000000000005bb       0x34 c:/st/stm32cubeide_1.10.1/stm32cubeide/plugins/com.st.stm32cube.ide.mcu.externaltools.gnu-tools-for-stm32.10.3-2021.10.win32_1.0.0.202111181127/tools/bin/../lib/gcc/arm-none-eabi/10.3.1/../../../../arm-none-eabi/lib/thumb/v7e-m+fp/hard\libc_nano.a(lib_a-impure.o)
 .ARM.attributes
                0x00000000000005ef       0x34 c:/st/stm32cubeide_1.10.1/stm32cubeide/plugins/com.st.stm32cube.ide.mcu.externaltools.gnu-tools-for-stm32.10.3-2021.10.win32_1.0.0.202111181127/tools/bin/../lib/gcc/arm-none-eabi/10.3.1/../../../../arm-none-eabi/lib/thumb/v7e-m+fp/hard\libc_nano.a(lib_a-init.o)
 .ARM.attributes
                0x0000000000000623       0x34 c:/st/stm32cubeide_1.10.1/stm32cubeide/plugins/com.st.stm32cube.ide.mcu.externaltools.gnu-tools-for-stm32.10.3-2021.10.win32_1.0.0.202111181127/tools/bin/../lib/gcc/arm-none-eabi/10.3.1/../../../../arm-none-eabi/lib/thumb/v7e-m+fp/hard\libc_nano.a(lib_a-memset.o)
 .ARM.attributes
                0x0000000000000657       0x34 c:/st/stm32cubeide_1.10.1/stm32cubeide/plugins/com.st.stm32cube.ide.mcu.externaltools.gnu-tools-for-stm32.10.3-2021.10.win32_1.0.0.202111181127/tools/bin/../lib/gcc/arm-none-eabi/10.3.1/../../../../arm-none-eabi/lib/thumb/v7e-m+fp/hard\libc_nano.a(lib_a-sprintf.o)
 .ARM.attributes
                0x000000000000068b       0x34 c:/st/stm32cubeide_1.10.1/stm32cubeide/plugins/com.st.stm32cube.ide.mcu.externaltools.gnu-tools-for-stm32.10.3-2021.10.win32_1.0.0.202111181127/tools/bin/../lib/gcc/arm-none-eabi/10.3.1/../../../../arm-none-eabi/lib/thumb/v7e-m+fp/hard\libc_nano.a(lib_a-nano-svfprintf.o)
 .ARM.attributes
                0x00000000000006bf       0x34 c:/st/stm32cubeide_1.10.1/stm32cubeide/plugins/com.st.stm32cube.ide.mcu.externaltools.gnu-tools-for-stm32.10.3-2021.10.win32_1.0.0.202111181127/tools/bin/../lib/gcc/arm-none-eabi/10.3.1/../../../../arm-none-eabi/lib/thumb/v7e-m+fp/hard\libc_nano.a(lib_a-nano-vfprintf_i.o)
 .ARM.attributes
                0x00000000000006f3       0x1c c:/st/stm32cubeide_1.10.1/stm32cubeide/plugins/com.st.stm32cube.ide.mcu.externaltools.gnu-tools-for-stm32.10.3-2021.10.win32_1.0.0.202111181127/tools/bin/../lib/gcc/arm-none-eabi/10.3.1/../../../../arm-none-eabi/lib/thumb/v7e-m+fp/hard\libc_nano.a(lib_a-memchr.o)
 .ARM.attributes
                0x000000000000070f       0x34 c:/st/stm32cubeide_1.10.1/stm32cubeide/plugins/com.st.stm32cube.ide.mcu.externaltools.gnu-tools-for-stm32.10.3-2021.10.win32_1.0.0.202111181127/tools/bin/../lib/gcc/arm-none-eabi/10.3.1/../../../../arm-none-eabi/lib/thumb/v7e-m+fp/hard\libc_nano.a(lib_a-memcpy-stub.o)
 .ARM.attributes
                0x0000000000000743       0x34 c:/st/stm32cubeide_1.10.1/stm32cubeide/plugins/com.st.stm32cube.ide.mcu.externaltools.gnu-tools-for-stm32.10.3-2021.10.win32_1.0.0.202111181127/tools/bin/../lib/gcc/arm-none-eabi/10.3.1/../../../../arm-none-eabi/lib/thumb/v7e-m+fp/hard\libc_nano.a(lib_a-memmove.o)
 .ARM.attributes
                0x0000000000000777       0x34 c:/st/stm32cubeide_1.10.1/stm32cubeide/plugins/com.st.stm32cube.ide.mcu.externaltools.gnu-tools-for-stm32.10.3-2021.10.win32_1.0.0.202111181127/tools/bin/../lib/gcc/arm-none-eabi/10.3.1/../../../../arm-none-eabi/lib/thumb/v7e-m+fp/hard\libc_nano.a(lib_a-nano-freer.o)
 .ARM.attributes
                0x00000000000007ab       0x34 c:/st/stm32cubeide_1.10.1/stm32cubeide/plugins/com.st.stm32cube.ide.mcu.externaltools.gnu-tools-for-stm32.10.3-2021.10.win32_1.0.0.202111181127/tools/bin/../lib/gcc/arm-none-eabi/10.3.1/../../../../arm-none-eabi/lib/thumb/v7e-m+fp/hard\libc_nano.a(lib_a-nano-mallocr.o)
 .ARM.attributes
                0x00000000000007df       0x34 c:/st/stm32cubeide_1.10.1/stm32cubeide/plugins/com.st.stm32cube.ide.mcu.externaltools.gnu-tools-for-stm32.10.3-2021.10.win32_1.0.0.202111181127/tools/bin/../lib/gcc/arm-none-eabi/10.3.1/../../../../arm-none-eabi/lib/thumb/v7e-m+fp/hard\libc_nano.a(lib_a-nano-reallocr.o)
 .ARM.attributes
                0x0000000000000813       0x34 c:/st/stm32cubeide_1.10.1/stm32cubeide/plugins/com.st.stm32cube.ide.mcu.externaltools.gnu-tools-for-stm32.10.3-2021.10.win32_1.0.0.202111181127/tools/bin/../lib/gcc/arm-none-eabi/10.3.1/../../../../arm-none-eabi/lib/thumb/v7e-m+fp/hard\libc_nano.a(lib_a-sbrkr.o)
 .ARM.attributes
                0x0000000000000847       0x34 c:/st/stm32cubeide_1.10.1/stm32cubeide/plugins/com.st.stm32cube.ide.mcu.externaltools.gnu-tools-for-stm32.10.3-2021.10.win32_1.0.0.202111181127/tools/bin/../lib/gcc/arm-none-eabi/10.3.1/../../../../arm-none-eabi/lib/thumb/v7e-m+fp/hard\libc_nano.a(lib_a-mlock.o)
 .ARM.attributes
                0x000000000000087b       0x34 c:/st/stm32cubeide_1.10.1/stm32cubeide/plugins/com.st.stm32cube.ide.mcu.externaltools.gnu-tools-for-stm32.10.3-2021.10.win32_1.0.0.202111181127/tools/bin/../lib/gcc/arm-none-eabi/10.3.1/../../../../arm-none-eabi/lib/thumb/v7e-m+fp/hard\libc_nano.a(lib_a-nano-msizer.o)
 .ARM.attributes
                0x00000000000008af       0x34 c:/st/stm32cubeide_1.10.1/stm32cubeide/plugins/com.st.stm32cube.ide.mcu.externaltools.gnu-tools-for-stm32.10.3-2021.10.win32_1.0.0.202111181127/tools/bin/../lib/gcc/arm-none-eabi/10.3.1/../../../../arm-none-eabi/lib/thumb/v7e-m+fp/hard\libc_nano.a(lib_a-reent.o)
 .ARM.attributes
                0x00000000000008e3       0x34 c:/st/stm32cubeide_1.10.1/stm32cubeide/plugins/com.st.stm32cube.ide.mcu.externaltools.gnu-tools-for-stm32.10.3-2021.10.win32_1.0.0.202111181127/tools/bin/../lib/gcc/arm-none-eabi/10.3.1/../../../../arm-none-eabi/lib/thumb/v7e-m+fp/hard\libc_nano.a(lib_a-lock.o)
 .ARM.attributes
                0x0000000000000917       0x1e c:/st/stm32cubeide_1.10.1/stm32cubeide/plugins/com.st.stm32cube.ide.mcu.externaltools.gnu-tools-for-stm32.10.3-2021.10.win32_1.0.0.202111181127/tools/bin/../lib/gcc/arm-none-eabi/10.3.1/thumb/v7e-m+fp/hard\libgcc.a(_aeabi_uldivmod.o)
 .ARM.attributes
                0x0000000000000935       0x34 c:/st/stm32cubeide_1.10.1/stm32cubeide/plugins/com.st.stm32cube.ide.mcu.externaltools.gnu-tools-for-stm32.10.3-2021.10.win32_1.0.0.202111181127/tools/bin/../lib/gcc/arm-none-eabi/10.3.1/thumb/v7e-m+fp/hard\libgcc.a(_udivmoddi4.o)
 .ARM.attributes
                0x0000000000000969       0x1e c:/st/stm32cubeide_1.10.1/stm32cubeide/plugins/com.st.stm32cube.ide.mcu.externaltools.gnu-tools-for-stm32.10.3-2021.10.win32_1.0.0.202111181127/tools/bin/../lib/gcc/arm-none-eabi/10.3.1/thumb/v7e-m+fp/hard\libgcc.a(_dvmd_tls.o)
 .ARM.attributes
                0x0000000000000987       0x1e c:/st/stm32cubeide_1.10.1/stm32cubeide/plugins/com.st.stm32cube.ide.mcu.externaltools.gnu-tools-for-stm32.10.3-2021.10.win32_1.0.0.202111181127/tools/bin/../lib/gcc/arm-none-eabi/10.3.1/thumb/v7e-m+fp/hard/crtn.o
OUTPUT(Projet1.elf elf32-littlearm)
LOAD linker stubs
LOAD c:/st/stm32cubeide_1.10.1/stm32cubeide/plugins/com.st.stm32cube.ide.mcu.externaltools.gnu-tools-for-stm32.10.3-2021.10.win32_1.0.0.202111181127/tools/bin/../lib/gcc/arm-none-eabi/10.3.1/../../../../arm-none-eabi/lib/thumb/v7e-m+fp/hard\libc.a
LOAD c:/st/stm32cubeide_1.10.1/stm32cubeide/plugins/com.st.stm32cube.ide.mcu.externaltools.gnu-tools-for-stm32.10.3-2021.10.win32_1.0.0.202111181127/tools/bin/../lib/gcc/arm-none-eabi/10.3.1/../../../../arm-none-eabi/lib/thumb/v7e-m+fp/hard\libm.a
LOAD c:/st/stm32cubeide_1.10.1/stm32cubeide/plugins/com.st.stm32cube.ide.mcu.externaltools.gnu-tools-for-stm32.10.3-2021.10.win32_1.0.0.202111181127/tools/bin/../lib/gcc/arm-none-eabi/10.3.1/thumb/v7e-m+fp/hard\libgcc.a

.debug_info     0x0000000000000000    0x13f45
 .debug_info    0x0000000000000000     0x17ae ./Core/Src/main.o
 .debug_info    0x00000000000017ae      0x898 ./Core/Src/stm32f7xx_hal_msp.o
 .debug_info    0x0000000000002046      0x561 ./Core/Src/stm32f7xx_it.o
 .debug_info    0x00000000000025a7      0x171 ./Core/Src/sysmem.o
 .debug_info    0x0000000000002718      0x72c ./Core/Src/system_stm32f7xx.o
 .debug_info    0x0000000000002e44       0x22 ./Core/Startup/startup_stm32f746nghx.o
 .debug_info    0x0000000000002e66      0xa0c ./Drivers/STM32F7xx_HAL_Driver/Src/stm32f7xx_hal.o
 .debug_info    0x0000000000003872     0x105a ./Drivers/STM32F7xx_HAL_Driver/Src/stm32f7xx_hal_cortex.o
 .debug_info    0x00000000000048cc      0x57c ./Drivers/STM32F7xx_HAL_Driver/Src/stm32f7xx_hal_crc.o
 .debug_info    0x0000000000004e48      0x38f ./Drivers/STM32F7xx_HAL_Driver/Src/stm32f7xx_hal_crc_ex.o
 .debug_info    0x00000000000051d7      0x94f ./Drivers/STM32F7xx_HAL_Driver/Src/stm32f7xx_hal_dma.o
 .debug_info    0x0000000000005b26      0xf9f ./Drivers/STM32F7xx_HAL_Driver/Src/stm32f7xx_hal_dma2d.o
 .debug_info    0x0000000000006ac5      0x794 ./Drivers/STM32F7xx_HAL_Driver/Src/stm32f7xx_hal_gpio.o
 .debug_info    0x0000000000007259     0x22d3 ./Drivers/STM32F7xx_HAL_Driver/Src/stm32f7xx_hal_i2c.o
 .debug_info    0x000000000000952c     0x112a ./Drivers/STM32F7xx_HAL_Driver/Src/stm32f7xx_hal_ltdc.o
 .debug_info    0x000000000000a656      0x92e ./Drivers/STM32F7xx_HAL_Driver/Src/stm32f7xx_hal_pwr_ex.o
 .debug_info    0x000000000000af84      0x99c ./Drivers/STM32F7xx_HAL_Driver/Src/stm32f7xx_hal_rcc.o
 .debug_info    0x000000000000b920      0x764 ./Drivers/STM32F7xx_HAL_Driver/Src/stm32f7xx_hal_rcc_ex.o
 .debug_info    0x000000000000c084      0xdb3 ./Drivers/STM32F7xx_HAL_Driver/Src/stm32f7xx_hal_sdram.o
 .debug_info    0x000000000000ce37      0xcb6 ./Drivers/STM32F7xx_HAL_Driver/Src/stm32f7xx_ll_fmc.o
 .debug_info    0x000000000000daed      0x127 ./GUI files/font24.o
 .debug_info    0x000000000000dc14      0x631 ./GUI files/ft5336.o
 .debug_info    0x000000000000e245     0x1c5b ./GUI files/stm32746g_discovery.o
 .debug_info    0x000000000000fea0     0x2605 ./GUI files/stm32746g_discovery_lcd.o
 .debug_info    0x00000000000124a5     0x10d8 ./GUI files/stm32746g_discovery_sdram.o
 .debug_info    0x000000000001357d      0x9c8 ./GUI files/stm32746g_discovery_ts.o

.debug_abbrev   0x0000000000000000     0x32ba
 .debug_abbrev  0x0000000000000000      0x37e ./Core/Src/main.o
 .debug_abbrev  0x000000000000037e      0x187 ./Core/Src/stm32f7xx_hal_msp.o
 .debug_abbrev  0x0000000000000505      0x161 ./Core/Src/stm32f7xx_it.o
 .debug_abbrev  0x0000000000000666       0xbb ./Core/Src/sysmem.o
 .debug_abbrev  0x0000000000000721      0x136 ./Core/Src/system_stm32f7xx.o
 .debug_abbrev  0x0000000000000857       0x12 ./Core/Startup/startup_stm32f746nghx.o
 .debug_abbrev  0x0000000000000869      0x20d ./Drivers/STM32F7xx_HAL_Driver/Src/stm32f7xx_hal.o
 .debug_abbrev  0x0000000000000a76      0x316 ./Drivers/STM32F7xx_HAL_Driver/Src/stm32f7xx_hal_cortex.o
 .debug_abbrev  0x0000000000000d8c      0x1d8 ./Drivers/STM32F7xx_HAL_Driver/Src/stm32f7xx_hal_crc.o
 .debug_abbrev  0x0000000000000f64      0x146 ./Drivers/STM32F7xx_HAL_Driver/Src/stm32f7xx_hal_crc_ex.o
 .debug_abbrev  0x00000000000010aa      0x25b ./Drivers/STM32F7xx_HAL_Driver/Src/stm32f7xx_hal_dma.o
 .debug_abbrev  0x0000000000001305      0x22e ./Drivers/STM32F7xx_HAL_Driver/Src/stm32f7xx_hal_dma2d.o
 .debug_abbrev  0x0000000000001533      0x1c4 ./Drivers/STM32F7xx_HAL_Driver/Src/stm32f7xx_hal_gpio.o
 .debug_abbrev  0x00000000000016f7      0x243 ./Drivers/STM32F7xx_HAL_Driver/Src/stm32f7xx_hal_i2c.o
 .debug_abbrev  0x000000000000193a      0x233 ./Drivers/STM32F7xx_HAL_Driver/Src/stm32f7xx_hal_ltdc.o
 .debug_abbrev  0x0000000000001b6d      0x1cb ./Drivers/STM32F7xx_HAL_Driver/Src/stm32f7xx_hal_pwr_ex.o
 .debug_abbrev  0x0000000000001d38      0x27b ./Drivers/STM32F7xx_HAL_Driver/Src/stm32f7xx_hal_rcc.o
 .debug_abbrev  0x0000000000001fb3      0x1b9 ./Drivers/STM32F7xx_HAL_Driver/Src/stm32f7xx_hal_rcc_ex.o
 .debug_abbrev  0x000000000000216c      0x227 ./Drivers/STM32F7xx_HAL_Driver/Src/stm32f7xx_hal_sdram.o
 .debug_abbrev  0x0000000000002393      0x176 ./Drivers/STM32F7xx_HAL_Driver/Src/stm32f7xx_ll_fmc.o
 .debug_abbrev  0x0000000000002509       0xb1 ./GUI files/font24.o
 .debug_abbrev  0x00000000000025ba      0x251 ./GUI files/ft5336.o
 .debug_abbrev  0x000000000000280b      0x2ef ./GUI files/stm32746g_discovery.o
 .debug_abbrev  0x0000000000002afa      0x2e8 ./GUI files/stm32746g_discovery_lcd.o
 .debug_abbrev  0x0000000000002de2      0x26f ./GUI files/stm32746g_discovery_sdram.o
 .debug_abbrev  0x0000000000003051      0x269 ./GUI files/stm32746g_discovery_ts.o

.debug_aranges  0x0000000000000000     0x1180
 .debug_aranges
                0x0000000000000000       0x70 ./Core/Src/main.o
 .debug_aranges
                0x0000000000000070       0x40 ./Core/Src/stm32f7xx_hal_msp.o
 .debug_aranges
                0x00000000000000b0       0x68 ./Core/Src/stm32f7xx_it.o
 .debug_aranges
                0x0000000000000118       0x20 ./Core/Src/sysmem.o
 .debug_aranges
                0x0000000000000138       0x28 ./Core/Src/system_stm32f7xx.o
 .debug_aranges
                0x0000000000000160       0x28 ./Core/Startup/startup_stm32f746nghx.o
 .debug_aranges
                0x0000000000000188      0x100 ./Drivers/STM32F7xx_HAL_Driver/Src/stm32f7xx_hal.o
 .debug_aranges
                0x0000000000000288      0x118 ./Drivers/STM32F7xx_HAL_Driver/Src/stm32f7xx_hal_cortex.o
 .debug_aranges
                0x00000000000003a0       0x60 ./Drivers/STM32F7xx_HAL_Driver/Src/stm32f7xx_hal_crc.o
 .debug_aranges
                0x0000000000000400       0x30 ./Drivers/STM32F7xx_HAL_Driver/Src/stm32f7xx_hal_crc_ex.o
 .debug_aranges
                0x0000000000000430       0x90 ./Drivers/STM32F7xx_HAL_Driver/Src/stm32f7xx_hal_dma.o
 .debug_aranges
                0x00000000000004c0      0x118 ./Drivers/STM32F7xx_HAL_Driver/Src/stm32f7xx_hal_dma2d.o
 .debug_aranges
                0x00000000000005d8       0x58 ./Drivers/STM32F7xx_HAL_Driver/Src/stm32f7xx_hal_gpio.o
 .debug_aranges
                0x0000000000000630      0x2a0 ./Drivers/STM32F7xx_HAL_Driver/Src/stm32f7xx_hal_i2c.o
 .debug_aranges
                0x00000000000008d0      0x158 ./Drivers/STM32F7xx_HAL_Driver/Src/stm32f7xx_hal_ltdc.o
 .debug_aranges
                0x0000000000000a28       0x80 ./Drivers/STM32F7xx_HAL_Driver/Src/stm32f7xx_hal_pwr_ex.o
 .debug_aranges
                0x0000000000000aa8       0x88 ./Drivers/STM32F7xx_HAL_Driver/Src/stm32f7xx_hal_rcc.o
 .debug_aranges
                0x0000000000000b30       0x50 ./Drivers/STM32F7xx_HAL_Driver/Src/stm32f7xx_hal_rcc_ex.o
 .debug_aranges
                0x0000000000000b80       0xd0 ./Drivers/STM32F7xx_HAL_Driver/Src/stm32f7xx_hal_sdram.o
 .debug_aranges
                0x0000000000000c50       0xc8 ./Drivers/STM32F7xx_HAL_Driver/Src/stm32f7xx_ll_fmc.o
 .debug_aranges
                0x0000000000000d18       0x18 ./GUI files/font24.o
 .debug_aranges
                0x0000000000000d30       0x90 ./GUI files/ft5336.o
 .debug_aranges
                0x0000000000000dc0      0x128 ./GUI files/stm32746g_discovery.o
 .debug_aranges
                0x0000000000000ee8      0x1d8 ./GUI files/stm32746g_discovery_lcd.o
 .debug_aranges
                0x00000000000010c0       0x68 ./GUI files/stm32746g_discovery_sdram.o
 .debug_aranges
                0x0000000000001128       0x58 ./GUI files/stm32746g_discovery_ts.o

.debug_ranges   0x0000000000000000      0xfe0
 .debug_ranges  0x0000000000000000       0x60 ./Core/Src/main.o
 .debug_ranges  0x0000000000000060       0x30 ./Core/Src/stm32f7xx_hal_msp.o
 .debug_ranges  0x0000000000000090       0x58 ./Core/Src/stm32f7xx_it.o
 .debug_ranges  0x00000000000000e8       0x10 ./Core/Src/sysmem.o
 .debug_ranges  0x00000000000000f8       0x18 ./Core/Src/system_stm32f7xx.o
 .debug_ranges  0x0000000000000110       0x20 ./Core/Startup/startup_stm32f746nghx.o
 .debug_ranges  0x0000000000000130       0xf0 ./Drivers/STM32F7xx_HAL_Driver/Src/stm32f7xx_hal.o
 .debug_ranges  0x0000000000000220      0x108 ./Drivers/STM32F7xx_HAL_Driver/Src/stm32f7xx_hal_cortex.o
 .debug_ranges  0x0000000000000328       0x50 ./Drivers/STM32F7xx_HAL_Driver/Src/stm32f7xx_hal_crc.o
 .debug_ranges  0x0000000000000378       0x20 ./Drivers/STM32F7xx_HAL_Driver/Src/stm32f7xx_hal_crc_ex.o
 .debug_ranges  0x0000000000000398       0x80 ./Drivers/STM32F7xx_HAL_Driver/Src/stm32f7xx_hal_dma.o
 .debug_ranges  0x0000000000000418      0x108 ./Drivers/STM32F7xx_HAL_Driver/Src/stm32f7xx_hal_dma2d.o
 .debug_ranges  0x0000000000000520       0x48 ./Drivers/STM32F7xx_HAL_Driver/Src/stm32f7xx_hal_gpio.o
 .debug_ranges  0x0000000000000568      0x290 ./Drivers/STM32F7xx_HAL_Driver/Src/stm32f7xx_hal_i2c.o
 .debug_ranges  0x00000000000007f8      0x148 ./Drivers/STM32F7xx_HAL_Driver/Src/stm32f7xx_hal_ltdc.o
 .debug_ranges  0x0000000000000940       0x70 ./Drivers/STM32F7xx_HAL_Driver/Src/stm32f7xx_hal_pwr_ex.o
 .debug_ranges  0x00000000000009b0       0x78 ./Drivers/STM32F7xx_HAL_Driver/Src/stm32f7xx_hal_rcc.o
 .debug_ranges  0x0000000000000a28       0x40 ./Drivers/STM32F7xx_HAL_Driver/Src/stm32f7xx_hal_rcc_ex.o
 .debug_ranges  0x0000000000000a68       0xc0 ./Drivers/STM32F7xx_HAL_Driver/Src/stm32f7xx_hal_sdram.o
 .debug_ranges  0x0000000000000b28       0xb8 ./Drivers/STM32F7xx_HAL_Driver/Src/stm32f7xx_ll_fmc.o
 .debug_ranges  0x0000000000000be0       0x80 ./GUI files/ft5336.o
 .debug_ranges  0x0000000000000c60      0x118 ./GUI files/stm32746g_discovery.o
 .debug_ranges  0x0000000000000d78      0x1c8 ./GUI files/stm32746g_discovery_lcd.o
 .debug_ranges  0x0000000000000f40       0x58 ./GUI files/stm32746g_discovery_sdram.o
 .debug_ranges  0x0000000000000f98       0x48 ./GUI files/stm32746g_discovery_ts.o

.debug_macro    0x0000000000000000    0x27768
 .debug_macro   0x0000000000000000      0x297 ./Core/Src/main.o
 .debug_macro   0x0000000000000297      0xa78 ./Core/Src/main.o
 .debug_macro   0x0000000000000d0f      0x2a5 ./Core/Src/main.o
 .debug_macro   0x0000000000000fb4       0x2e ./Core/Src/main.o
 .debug_macro   0x0000000000000fe2       0x3b ./Core/Src/main.o
 .debug_macro   0x000000000000101d       0x22 ./Core/Src/main.o
 .debug_macro   0x000000000000103f       0x8e ./Core/Src/main.o
 .debug_macro   0x00000000000010cd       0x51 ./Core/Src/main.o
 .debug_macro   0x000000000000111e      0x103 ./Core/Src/main.o
 .debug_macro   0x0000000000001221       0x6a ./Core/Src/main.o
 .debug_macro   0x000000000000128b      0x1df ./Core/Src/main.o
 .debug_macro   0x000000000000146a       0x1c ./Core/Src/main.o
 .debug_macro   0x0000000000001486       0x22 ./Core/Src/main.o
 .debug_macro   0x00000000000014a8       0xd9 ./Core/Src/main.o
 .debug_macro   0x0000000000001581     0x12cd ./Core/Src/main.o
 .debug_macro   0x000000000000284e      0x11f ./Core/Src/main.o
 .debug_macro   0x000000000000296d       0x19 ./Core/Src/main.o
 .debug_macro   0x0000000000002986    0x1920a ./Core/Src/main.o
 .debug_macro   0x000000000001bb90       0x6d ./Core/Src/main.o
 .debug_macro   0x000000000001bbfd     0x3749 ./Core/Src/main.o
 .debug_macro   0x000000000001f346      0x174 ./Core/Src/main.o
 .debug_macro   0x000000000001f4ba       0x63 ./Core/Src/main.o
 .debug_macro   0x000000000001f51d     0x18ad ./Core/Src/main.o
 .debug_macro   0x0000000000020dca      0x6c4 ./Core/Src/main.o
 .debug_macro   0x000000000002148e      0x185 ./Core/Src/main.o
 .debug_macro   0x0000000000021613      0x115 ./Core/Src/main.o
 .debug_macro   0x0000000000021728      0x1fd ./Core/Src/main.o
 .debug_macro   0x0000000000021925       0xa5 ./Core/Src/main.o
 .debug_macro   0x00000000000219ca      0x24f ./Core/Src/main.o
 .debug_macro   0x0000000000021c19       0x41 ./Core/Src/main.o
 .debug_macro   0x0000000000021c5a       0x58 ./Core/Src/main.o
 .debug_macro   0x0000000000021cb2      0x236 ./Core/Src/main.o
 .debug_macro   0x0000000000021ee8       0xc7 ./Core/Src/main.o
 .debug_macro   0x0000000000021faf       0x4c ./Core/Src/main.o
 .debug_macro   0x0000000000021ffb      0x208 ./Core/Src/main.o
 .debug_macro   0x0000000000022203      0x14e ./Core/Src/main.o
 .debug_macro   0x0000000000022351      0x25a ./Core/Src/main.o
 .debug_macro   0x00000000000225ab       0x12 ./Core/Src/main.o
 .debug_macro   0x00000000000225bd      0x516 ./Core/Src/main.o
 .debug_macro   0x0000000000022ad3      0x22c ./Core/Src/main.o
 .debug_macro   0x0000000000022cff       0x61 ./Core/Src/main.o
 .debug_macro   0x0000000000022d60       0xa5 ./Core/Src/main.o
 .debug_macro   0x0000000000022e05      0x255 ./Core/Src/main.o
 .debug_macro   0x000000000002305a      0x12e ./Core/Src/main.o
 .debug_macro   0x0000000000023188      0x108 ./Core/Src/main.o
 .debug_macro   0x0000000000023290       0x35 ./Core/Src/main.o
 .debug_macro   0x00000000000232c5      0x4e8 ./Core/Src/main.o
 .debug_macro   0x00000000000237ad       0x47 ./Core/Src/main.o
 .debug_macro   0x00000000000237f4      0x14d ./Core/Src/main.o
 .debug_macro   0x0000000000023941      0x268 ./Core/Src/main.o
 .debug_macro   0x0000000000023ba9       0xa0 ./Core/Src/main.o
 .debug_macro   0x0000000000023c49       0x10 ./Core/Src/main.o
 .debug_macro   0x0000000000023c59      0x39e ./Core/Src/main.o
 .debug_macro   0x0000000000023ff7       0x2e ./Core/Src/main.o
 .debug_macro   0x0000000000024025       0x40 ./Core/Src/main.o
 .debug_macro   0x0000000000024065       0x10 ./Core/Src/main.o
 .debug_macro   0x0000000000024075      0x12b ./Core/Src/main.o
 .debug_macro   0x00000000000241a0       0x10 ./Core/Src/main.o
 .debug_macro   0x00000000000241b0      0x285 ./Core/Src/stm32f7xx_hal_msp.o
 .debug_macro   0x0000000000024435      0x28f ./Core/Src/stm32f7xx_it.o
 .debug_macro   0x00000000000246c4       0xff ./Core/Src/sysmem.o
 .debug_macro   0x00000000000247c3      0x23b ./Core/Src/sysmem.o
 .debug_macro   0x00000000000249fe      0x214 ./Core/Src/system_stm32f7xx.o
 .debug_macro   0x0000000000024c12      0x238 ./Drivers/STM32F7xx_HAL_Driver/Src/stm32f7xx_hal.o
 .debug_macro   0x0000000000024e4a      0x214 ./Drivers/STM32F7xx_HAL_Driver/Src/stm32f7xx_hal_cortex.o
 .debug_macro   0x000000000002505e      0x214 ./Drivers/STM32F7xx_HAL_Driver/Src/stm32f7xx_hal_crc.o
 .debug_macro   0x0000000000025272      0x214 ./Drivers/STM32F7xx_HAL_Driver/Src/stm32f7xx_hal_crc_ex.o
 .debug_macro   0x0000000000025486      0x21a ./Drivers/STM32F7xx_HAL_Driver/Src/stm32f7xx_hal_dma.o
 .debug_macro   0x00000000000256a0      0x223 ./Drivers/STM32F7xx_HAL_Driver/Src/stm32f7xx_hal_dma2d.o
 .debug_macro   0x00000000000258c3      0x21a ./Drivers/STM32F7xx_HAL_Driver/Src/stm32f7xx_hal_gpio.o
 .debug_macro   0x0000000000025add      0x2e0 ./Drivers/STM32F7xx_HAL_Driver/Src/stm32f7xx_hal_i2c.o
 .debug_macro   0x0000000000025dbd      0x214 ./Drivers/STM32F7xx_HAL_Driver/Src/stm32f7xx_hal_ltdc.o
 .debug_macro   0x0000000000025fd1      0x22c ./Drivers/STM32F7xx_HAL_Driver/Src/stm32f7xx_hal_pwr_ex.o
 .debug_macro   0x00000000000261fd      0x238 ./Drivers/STM32F7xx_HAL_Driver/Src/stm32f7xx_hal_rcc.o
 .debug_macro   0x0000000000026435      0x214 ./Drivers/STM32F7xx_HAL_Driver/Src/stm32f7xx_hal_rcc_ex.o
 .debug_macro   0x0000000000026649      0x214 ./Drivers/STM32F7xx_HAL_Driver/Src/stm32f7xx_hal_sdram.o
 .debug_macro   0x000000000002685d      0x214 ./Drivers/STM32F7xx_HAL_Driver/Src/stm32f7xx_ll_fmc.o
 .debug_macro   0x0000000000026a71       0x73 ./GUI files/font24.o
 .debug_macro   0x0000000000026ae4       0x7b ./GUI files/ft5336.o
 .debug_macro   0x0000000000026b5f      0x241 ./GUI files/stm32746g_discovery.o
 .debug_macro   0x0000000000026da0      0x262 ./GUI files/stm32746g_discovery.o
 .debug_macro   0x0000000000027002      0x25f ./GUI files/stm32746g_discovery_lcd.o
 .debug_macro   0x0000000000027261       0x9a ./GUI files/stm32746g_discovery_lcd.o
 .debug_macro   0x00000000000272fb      0x223 ./GUI files/stm32746g_discovery_sdram.o
 .debug_macro   0x000000000002751e      0x24a ./GUI files/stm32746g_discovery_ts.o

.debug_line     0x0000000000000000    0x150ab
 .debug_line    0x0000000000000000      0xc54 ./Core/Src/main.o
 .debug_line    0x0000000000000c54      0x863 ./Core/Src/stm32f7xx_hal_msp.o
 .debug_line    0x00000000000014b7      0x8ce ./Core/Src/stm32f7xx_it.o
 .debug_line    0x0000000000001d85      0x4ea ./Core/Src/sysmem.o
 .debug_line    0x000000000000226f      0x7c6 ./Core/Src/system_stm32f7xx.o
 .debug_line    0x0000000000002a35       0x88 ./Core/Startup/startup_stm32f746nghx.o
 .debug_line    0x0000000000002abd      0xa57 ./Drivers/STM32F7xx_HAL_Driver/Src/stm32f7xx_hal.o
 .debug_line    0x0000000000003514      0xcdd ./Drivers/STM32F7xx_HAL_Driver/Src/stm32f7xx_hal_cortex.o
 .debug_line    0x00000000000041f1      0xa87 ./Drivers/STM32F7xx_HAL_Driver/Src/stm32f7xx_hal_crc.o
 .debug_line    0x0000000000004c78      0x7fc ./Drivers/STM32F7xx_HAL_Driver/Src/stm32f7xx_hal_crc_ex.o
 .debug_line    0x0000000000005474      0xfa6 ./Drivers/STM32F7xx_HAL_Driver/Src/stm32f7xx_hal_dma.o
 .debug_line    0x000000000000641a     0x11e3 ./Drivers/STM32F7xx_HAL_Driver/Src/stm32f7xx_hal_dma2d.o
 .debug_line    0x00000000000075fd      0xbcb ./Drivers/STM32F7xx_HAL_Driver/Src/stm32f7xx_hal_gpio.o
 .debug_line    0x00000000000081c8     0x3724 ./Drivers/STM32F7xx_HAL_Driver/Src/stm32f7xx_hal_i2c.o
 .debug_line    0x000000000000b8ec     0x1741 ./Drivers/STM32F7xx_HAL_Driver/Src/stm32f7xx_hal_ltdc.o
 .debug_line    0x000000000000d02d      0x9cc ./Drivers/STM32F7xx_HAL_Driver/Src/stm32f7xx_hal_pwr_ex.o
 .debug_line    0x000000000000d9f9      0xe98 ./Drivers/STM32F7xx_HAL_Driver/Src/stm32f7xx_hal_rcc.o
 .debug_line    0x000000000000e891      0xe53 ./Drivers/STM32F7xx_HAL_Driver/Src/stm32f7xx_hal_rcc_ex.o
 .debug_line    0x000000000000f6e4      0xc92 ./Drivers/STM32F7xx_HAL_Driver/Src/stm32f7xx_hal_sdram.o
 .debug_line    0x0000000000010376      0xd20 ./Drivers/STM32F7xx_HAL_Driver/Src/stm32f7xx_ll_fmc.o
 .debug_line    0x0000000000011096      0x375 ./GUI files/font24.o
 .debug_line    0x000000000001140b      0x677 ./GUI files/ft5336.o
 .debug_line    0x0000000000011a82      0xc08 ./GUI files/stm32746g_discovery.o
 .debug_line    0x000000000001268a     0x168a ./GUI files/stm32746g_discovery_lcd.o
 .debug_line    0x0000000000013d14      0x90f ./GUI files/stm32746g_discovery_sdram.o
 .debug_line    0x0000000000014623      0xa88 ./GUI files/stm32746g_discovery_ts.o

.debug_str      0x0000000000000000    0xf0855
 .debug_str     0x0000000000000000    0xe957f ./Core/Src/main.o
                                      0xe9cfc (size before relaxing)
 .debug_str     0x00000000000e957f       0x74 ./Core/Src/stm32f7xx_hal_msp.o
                                      0xe953b (size before relaxing)
 .debug_str     0x00000000000e95f3      0x306 ./Core/Src/stm32f7xx_it.o
                                      0xe93d0 (size before relaxing)
 .debug_str     0x00000000000e98f9     0x1e80 ./Core/Src/sysmem.o
                                       0x5db1 (size before relaxing)
 .debug_str     0x00000000000eb779       0x87 ./Core/Src/system_stm32f7xx.o
                                      0xe5f3b (size before relaxing)
 .debug_str     0x00000000000eb800       0x36 ./Core/Startup/startup_stm32f746nghx.o
                                         0x71 (size before relaxing)
 .debug_str     0x00000000000eb836      0x958 ./Drivers/STM32F7xx_HAL_Driver/Src/stm32f7xx_hal.o
                                      0xe68a4 (size before relaxing)
 .debug_str     0x00000000000ec18e      0x337 ./Drivers/STM32F7xx_HAL_Driver/Src/stm32f7xx_hal_cortex.o
                                      0xe688f (size before relaxing)
 .debug_str     0x00000000000ec4c5       0xd1 ./Drivers/STM32F7xx_HAL_Driver/Src/stm32f7xx_hal_crc.o
                                      0xe5f76 (size before relaxing)
 .debug_str     0x00000000000ec596       0x69 ./Drivers/STM32F7xx_HAL_Driver/Src/stm32f7xx_hal_crc_ex.o
                                      0xe5f30 (size before relaxing)
 .debug_str     0x00000000000ec5ff      0x4e2 ./Drivers/STM32F7xx_HAL_Driver/Src/stm32f7xx_hal_dma.o
                                      0xe627a (size before relaxing)
 .debug_str     0x00000000000ecae1      0x361 ./Drivers/STM32F7xx_HAL_Driver/Src/stm32f7xx_hal_dma2d.o
                                      0xe644e (size before relaxing)
 .debug_str     0x00000000000ece42      0x115 ./Drivers/STM32F7xx_HAL_Driver/Src/stm32f7xx_hal_gpio.o
                                      0xe5ff9 (size before relaxing)
 .debug_str     0x00000000000ecf57     0x102c ./Drivers/STM32F7xx_HAL_Driver/Src/stm32f7xx_hal_i2c.o
                                      0xe7151 (size before relaxing)
 .debug_str     0x00000000000edf83      0x47c ./Drivers/STM32F7xx_HAL_Driver/Src/stm32f7xx_hal_ltdc.o
                                      0xe6484 (size before relaxing)
 .debug_str     0x00000000000ee3ff      0x1d1 ./Drivers/STM32F7xx_HAL_Driver/Src/stm32f7xx_hal_pwr_ex.o
                                      0xe61aa (size before relaxing)
 .debug_str     0x00000000000ee5d0      0x247 ./Drivers/STM32F7xx_HAL_Driver/Src/stm32f7xx_hal_rcc.o
                                      0xe629d (size before relaxing)
 .debug_str     0x00000000000ee817      0x392 ./Drivers/STM32F7xx_HAL_Driver/Src/stm32f7xx_hal_rcc_ex.o
                                      0xe61d5 (size before relaxing)
 .debug_str     0x00000000000eeba9      0x5b1 ./Drivers/STM32F7xx_HAL_Driver/Src/stm32f7xx_hal_sdram.o
                                      0xe6526 (size before relaxing)
 .debug_str     0x00000000000ef15a      0x394 ./Drivers/STM32F7xx_HAL_Driver/Src/stm32f7xx_ll_fmc.o
                                      0xe637c (size before relaxing)
 .debug_str     0x00000000000ef4ee       0x23 ./GUI files/font24.o
                                       0x3c8f (size before relaxing)
 .debug_str     0x00000000000ef511      0x2c2 ./GUI files/ft5336.o
                                       0x532e (size before relaxing)
 .debug_str     0x00000000000ef7d3      0x74c ./GUI files/stm32746g_discovery.o
                                      0xe837a (size before relaxing)
 .debug_str     0x00000000000eff1f      0x6a4 ./GUI files/stm32746g_discovery_lcd.o
                                      0xe8f34 (size before relaxing)
 .debug_str     0x00000000000f05c3      0x144 ./GUI files/stm32746g_discovery_sdram.o
                                      0xe6fa6 (size before relaxing)
 .debug_str     0x00000000000f0707      0x14e ./GUI files/stm32746g_discovery_ts.o