../Core/Src/main.c:89:6:send_deftask	40	static
../Core/Src/main.c:101:6:print_point	32	static
../Core/Src/main.c:120:5:main	8	static
../Core/Src/main.c:204:6:SystemClock_Config	88	static
../Core/Src/main.c:246:13:MX_TIM5_Init	32	static
../Core/Src/main.c:291:13:MX_USART1_UART_Init	8	static
../Core/Src/main.c:324:13:MX_USART2_UART_Init	8	static
../Core/Src/main.c:357:13:MX_GPIO_Init	32	static
../Core/Src/main.c:387:6:StartDefaultTask	32	static
../Core/Src/main.c:411:6:StartTask02	48	static
../Core/Src/main.c:447:6:HAL_TIM_PeriodElapsedCallback	16	static
../Core/Src/main.c:464:6:Error_Handler	4	static,ignoring_inline_asm
