../Core/Src/main.c:79:6:send_deftask	24	static
../Core/Src/main.c:89:5:main	8	static
../Core/Src/main.c:172:6:SystemClock_Config	88	static
../Core/Src/main.c:214:13:MX_TIM5_Init	32	static
../Core/Src/main.c:259:13:MX_USART1_UART_Init	8	static
../Core/Src/main.c:292:13:MX_GPIO_Init	32	static
../Core/Src/main.c:322:6:StartDefaultTask	32	static
../Core/Src/main.c:347:6:StartTask02	16	static
../Core/Src/main.c:367:6:HAL_TIM_PeriodElapsedCallback	16	static
../Core/Src/main.c:384:6:Error_Handler	4	static,ignoring_inline_asm
