../Drivers/CMSIS/Include/core_cm7.h:2229:22:SCB_EnableICache	4	static,ignoring_inline_asm
../Drivers/CMSIS/Include/core_cm7.h:2281:22:SCB_EnableDCache	24	static,ignoring_inline_asm
../Core/Src/main.c:77:5:min	16	static
../Core/Src/main.c:81:6:chiffre	144	static
../Core/Src/main.c:131:6:DMA2D_FillRect	96	static
../Core/Src/main.c:149:5:main	24	static
../Core/Src/main.c:254:6:SystemClock_Config	88	static
../Core/Src/main.c:307:13:MX_CRC_Init	8	static
../Core/Src/main.c:338:13:MX_DMA2D_Init	8	static
../Core/Src/main.c:375:13:MX_GPIO_Init	40	static
../Core/Src/main.c:403:6:Error_Handler	4	static,ignoring_inline_asm
