../GUI files/stm32746g_discovery_lcd.c:164:9:BSP_LCD_Init	8	static
../GUI files/stm32746g_discovery_lcd.c:226:9:BSP_LCD_DeInit	8	static
../GUI files/stm32746g_discovery_lcd.c:247:10:BSP_LCD_GetXSize	4	static
../GUI files/stm32746g_discovery_lcd.c:256:10:BSP_LCD_GetYSize	4	static
../GUI files/stm32746g_discovery_lcd.c:266:6:BSP_LCD_SetXSize	16	static
../GUI files/stm32746g_discovery_lcd.c:276:6:BSP_LCD_SetYSize	16	static
../GUI files/stm32746g_discovery_lcd.c:287:6:BSP_LCD_LayerDefaultInit	72	static
../GUI files/stm32746g_discovery_lcd.c:321:6:BSP_LCD_LayerRgb565Init	72	static
../GUI files/stm32746g_discovery_lcd.c:354:6:BSP_LCD_SelectLayer	16	static
../GUI files/stm32746g_discovery_lcd.c:368:6:BSP_LCD_SetLayerVisible	16	static
../GUI files/stm32746g_discovery_lcd.c:390:6:BSP_LCD_SetLayerVisible_NoReload	16	static
../GUI files/stm32746g_discovery_lcd.c:410:6:BSP_LCD_SetTransparency	16	static
../GUI files/stm32746g_discovery_lcd.c:422:6:BSP_LCD_SetTransparency_NoReload	16	static
../GUI files/stm32746g_discovery_lcd.c:433:6:BSP_LCD_SetLayerAddress	16	static
../GUI files/stm32746g_discovery_lcd.c:444:6:BSP_LCD_SetLayerAddress_NoReload	16	static
../GUI files/stm32746g_discovery_lcd.c:458:6:BSP_LCD_SetLayerWindow	24	static
../GUI files/stm32746g_discovery_lcd.c:476:6:BSP_LCD_SetLayerWindow_NoReload	24	static
../GUI files/stm32746g_discovery_lcd.c:491:6:BSP_LCD_SetColorKeying	16	static
../GUI files/stm32746g_discovery_lcd.c:504:6:BSP_LCD_SetColorKeying_NoReload	16	static
../GUI files/stm32746g_discovery_lcd.c:516:6:BSP_LCD_ResetColorKeying	16	static
../GUI files/stm32746g_discovery_lcd.c:527:6:BSP_LCD_ResetColorKeying_NoReload	16	static
../GUI files/stm32746g_discovery_lcd.c:540:6:BSP_LCD_Reload	16	static
../GUI files/stm32746g_discovery_lcd.c:550:6:BSP_LCD_SetTextColor	16	static
../GUI files/stm32746g_discovery_lcd.c:559:10:BSP_LCD_GetTextColor	4	static
../GUI files/stm32746g_discovery_lcd.c:569:6:BSP_LCD_SetBackColor	16	static
../GUI files/stm32746g_discovery_lcd.c:578:10:BSP_LCD_GetBackColor	4	static
../GUI files/stm32746g_discovery_lcd.c:588:6:BSP_LCD_SetFont	16	static
../GUI files/stm32746g_discovery_lcd.c:597:8:BSP_LCD_GetFont	4	static
../GUI files/stm32746g_discovery_lcd.c:608:10:BSP_LCD_ReadPixel	32	static
../GUI files/stm32746g_discovery_lcd.c:643:6:BSP_LCD_Clear	40	static
../GUI files/stm32746g_discovery_lcd.c:654:6:BSP_LCD_ClearStringLine	32	static
../GUI files/stm32746g_discovery_lcd.c:674:6:BSP_LCD_DisplayChar	24	static
../GUI files/stm32746g_discovery_lcd.c:692:6:BSP_LCD_DisplayStringAt	48	static
../GUI files/stm32746g_discovery_lcd.c:753:6:BSP_LCD_DisplayStringAtLine	16	static
../GUI files/stm32746g_discovery_lcd.c:765:6:BSP_LCD_DrawHLine	40	static
../GUI files/stm32746g_discovery_lcd.c:790:6:BSP_LCD_DrawVLine	48	static
../GUI files/stm32746g_discovery_lcd.c:816:6:BSP_LCD_DrawLine	56	static
../GUI files/stm32746g_discovery_lcd.c:891:6:BSP_LCD_DrawRect	24	static
../GUI files/stm32746g_discovery_lcd.c:909:6:BSP_LCD_DrawCircle	40	static
../GUI files/stm32746g_discovery_lcd.c:956:6:BSP_LCD_DrawPolygon	32	static
../GUI files/stm32746g_discovery_lcd.c:984:6:BSP_LCD_DrawEllipse	64	static
../GUI files/stm32746g_discovery_lcd.c:1017:6:BSP_LCD_DrawPixel	24	static
../GUI files/stm32746g_discovery_lcd.c:1037:6:BSP_LCD_DrawBitmap	56	static
../GUI files/stm32746g_discovery_lcd.c:1095:6:BSP_LCD_FillRect	48	static
../GUI files/stm32746g_discovery_lcd.c:1122:6:BSP_LCD_FillCircle	32	static
../GUI files/stm32746g_discovery_lcd.c:1170:6:BSP_LCD_FillPolygon	64	static
../GUI files/stm32746g_discovery_lcd.c:1238:6:BSP_LCD_FillEllipse	56	static
../GUI files/stm32746g_discovery_lcd.c:1268:6:BSP_LCD_DisplayOn	8	static
../GUI files/stm32746g_discovery_lcd.c:1280:6:BSP_LCD_DisplayOff	8	static
../GUI files/stm32746g_discovery_lcd.c:1294:13:BSP_LCD_MspInit	72	static
../GUI files/stm32746g_discovery_lcd.c:1366:13:BSP_LCD_MspDeInit	40	static
../GUI files/stm32746g_discovery_lcd.c:1415:13:BSP_LCD_ClockConfig	16	static
../GUI files/stm32746g_discovery_lcd.c:1443:13:DrawChar	40	static
../GUI files/stm32746g_discovery_lcd.c:1502:13:FillTriangle	56	static
../GUI files/stm32746g_discovery_lcd.c:1580:13:LL_FillBuffer	32	static
../GUI files/stm32746g_discovery_lcd.c:1618:13:LL_ConvertLineToARGB8888	32	static
