14:40:08 **** Incremental Build of configuration Debug for project Test OS ****
make -j12 all 
arm-none-eabi-gcc "../Core/Src/main.c" -mcpu=cortex-m4 -std=gnu11 -g3 -DDEBUG -DUSE_HAL_DRIVER -DSTM32F410Rx -c -I../Core/Inc -I../Drivers/STM32F4xx_HAL_Driver/Inc -I../Drivers/STM32F4xx_HAL_Driver/Inc/Legacy -I../Drivers/CMSIS/Device/ST/STM32F4xx/Include -I../Drivers/CMSIS/Include -I../Middlewares/Third_Party/FreeRTOS/Source/include -I../Middlewares/Third_Party/FreeRTOS/Source/CMSIS_RTOS_V2 -I../Middlewares/Third_Party/FreeRTOS/Source/portable/GCC/ARM_CM4F -O0 -ffunction-sections -fdata-sections -Wall -fstack-usage -MMD -MP -MF"Core/Src/main.d" -MT"Core/Src/main.o" --specs=nano.specs -mfpu=fpv4-sp-d16 -mfloat-abi=hard -mthumb -o "Core/Src/main.o"
../Core/Src/main.c: In function 'send_deftask':
../Core/Src/main.c:109:2: warning: implicit declaration of function 'gcvt' [-Wimplicit-function-declaration]
  109 |  gcvt(x, 8, value);
      |  ^~~~
../Core/Src/main.c:115:13: warning: implicit declaration of function 'snprintf' [-Wimplicit-function-declaration]
  115 |  int size = snprintf((char*)value, 20, "%d\r\n",(int)(x*1000));
      |             ^~~~~~~~
../Core/Src/main.c:115:13: warning: incompatible implicit declaration of built-in function 'snprintf'
../Core/Src/main.c:22:1: note: include '<stdio.h>' or provide a declaration of 'snprintf'
   21 | #include "cmsis_os.h"
  +++ |+#include <stdio.h>
   22 | 
../Core/Src/main.c:115:6: warning: unused variable 'size' [-Wunused-variable]
  115 |  int size = snprintf((char*)value, 20, "%d\r\n",(int)(x*1000));
      |      ^~~~
../Core/Src/main.c: In function 'main':
../Core/Src/main.c:167:3: warning: implicit declaration of function 'tests' [-Wimplicit-function-declaration]
  167 |   tests();
      |   ^~~~~
../Core/Src/main.c:166:7: warning: unused variable 'true' [-Wunused-variable]
  166 |   int true;
      |       ^~~~
../Core/Src/main.c: In function 'StartDefaultTask':
../Core/Src/main.c:424:8: warning: unused variable 'angle' [-Wunused-variable]
  424 |  float angle = 90;
      |        ^~~~~
../Core/Src/main.c:423:6: warning: unused variable 'dist' [-Wunused-variable]
  423 |  int dist = 4;
      |      ^~~~
../Core/Src/main.c: In function 'StartTask02':
../Core/Src/main.c:457:13: warning: implicit declaration of function 'positionRelative' [-Wimplicit-function-declaration]
  457 |    sortie = positionRelative(capteurNumber, distanceMesuree, &ag);
      |             ^~~~~~~~~~~~~~~~
../Core/Src/main.c:457:11: warning: assignment to 'float *' from 'int' makes pointer from integer without a cast [-Wint-conversion]
  457 |    sortie = positionRelative(capteurNumber, distanceMesuree, &ag);
      |           ^
../Core/Src/main.c: In function 'StartSerialDetection':
../Core/Src/main.c:520:30: warning: passing argument 2 of 'HAL_UART_Transmit' from incompatible pointer type [-Wincompatible-pointer-types]
  520 |   HAL_UART_Transmit(&huart2, &" Capteur : ", 11, 100);
      |                              ^~~~~~~~~~~~~~
      |                              |
      |                              char (*)[12]
In file included from ../Core/Inc/stm32f4xx_hal_conf.h:407,
                 from ../Drivers/STM32F4xx_HAL_Driver/Inc/stm32f4xx_hal.h:29,
                 from ../Core/Inc/main.h:30,
                 from ../Core/Src/main.c:20:
../Drivers/STM32F4xx_HAL_Driver/Inc/stm32f4xx_hal_uart.h:722:79: note: expected 'const uint8_t *' {aka 'const unsigned char *'} but argument is of type 'char (*)[12]'
  722 | HAL_StatusTypeDef HAL_UART_Transmit(UART_HandleTypeDef *huart, const uint8_t *pData, uint16_t Size, uint32_t Timeout);
      |                                                                ~~~~~~~~~~~~~~~^~~~~
../Core/Src/main.c:522:30: warning: passing argument 2 of 'HAL_UART_Transmit' from incompatible pointer type [-Wincompatible-pointer-types]
  522 |   HAL_UART_Transmit(&huart2, &", mesure : ", 11, 100);
      |                              ^~~~~~~~~~~~~~
      |                              |
      |                              char (*)[12]
In file included from ../Core/Inc/stm32f4xx_hal_conf.h:407,
                 from ../Drivers/STM32F4xx_HAL_Driver/Inc/stm32f4xx_hal.h:29,
                 from ../Core/Inc/main.h:30,
                 from ../Core/Src/main.c:20:
../Drivers/STM32F4xx_HAL_Driver/Inc/stm32f4xx_hal_uart.h:722:79: note: expected 'const uint8_t *' {aka 'const unsigned char *'} but argument is of type 'char (*)[12]'
  722 | HAL_StatusTypeDef HAL_UART_Transmit(UART_HandleTypeDef *huart, const uint8_t *pData, uint16_t Size, uint32_t Timeout);
      |                                                                ~~~~~~~~~~~~~~~^~~~~
../Core/Src/main.c:524:30: warning: passing argument 2 of 'HAL_UART_Transmit' from incompatible pointer type [-Wincompatible-pointer-types]
  524 |   HAL_UART_Transmit(&huart2, &"\n\r", 2, 100);
      |                              ^~~~~~~
      |                              |
      |                              char (*)[3]
In file included from ../Core/Inc/stm32f4xx_hal_conf.h:407,
                 from ../Drivers/STM32F4xx_HAL_Driver/Inc/stm32f4xx_hal.h:29,
                 from ../Core/Inc/main.h:30,
                 from ../Core/Src/main.c:20:
../Drivers/STM32F4xx_HAL_Driver/Inc/stm32f4xx_hal_uart.h:722:79: note: expected 'const uint8_t *' {aka 'const unsigned char *'} but argument is of type 'char (*)[3]'
  722 | HAL_StatusTypeDef HAL_UART_Transmit(UART_HandleTypeDef *huart, const uint8_t *pData, uint16_t Size, uint32_t Timeout);
      |                                                                ~~~~~~~~~~~~~~~^~~~~
arm-none-eabi-gcc -o "Test OS.elf" @"objects.list"   -mcpu=cortex-m4 -T"C:\Users\Victor Lesne\Documents\ENSEA\CFR\2023\CDR2022_23\2A\Detection\Test OS\STM32F410RBTX_FLASH.ld" --specs=nosys.specs -Wl,-Map="Test OS.map" -Wl,--gc-sections -static --specs=nano.specs -mfpu=fpv4-sp-d16 -mfloat-abi=hard -mthumb -u _printf_float -Wl,--start-group -lc -lm -Wl,--end-group
Finished building target: Test OS.elf
 
arm-none-eabi-size   Test\ OS.elf 
arm-none-eabi-objdump -h -S  Test\ OS.elf  > "Test OS.list"
   text	   data	    bss	    dec	    hex	filename
  48484	    492	  20868	  69844	  110d4	Test OS.elf
Finished building: default.size.stdout
 
Finished building: Test OS.list
 
14:40:13 **** Incremental Build of configuration Debug for project Test OS ****
make -j12 all 
arm-none-eabi-size   Test\ OS.elf 
   text	   data	    bss	    dec	    hex	filename
  48484	    492	  20868	  69844	  110d4	Test OS.elf
Finished building: default.size.stdout
 
