15:26:12 **** Incremental Build of configuration Debug for project LIDAR360v2 ****
make -j12 all 
arm-none-eabi-gcc "../Core/Src/main.c" -mcpu=cortex-m4 -std=gnu11 -g3 -DDEBUG -DUSE_HAL_DRIVER -DSTM32F410Rx -c -I"C:/Users/Victor Lesne/Documents/ENSEA/CFR/2023/CDR2022_23/2A/Detection/LIDAR360v2/Drivers/UltraLiteDriver/Inc" -I../Core/Inc -I"C:/Users/Victor Lesne/Documents/ENSEA/CFR/2023/CDR2022_23/2A/Detection/LIDAR360v2/Core/Startup" -I../Drivers/STM32F4xx_HAL_Driver/Inc -I../Drivers/STM32F4xx_HAL_Driver/Inc/Legacy -I../Drivers/CMSIS/Device/ST/STM32F4xx/Include -I../Drivers/CMSIS/Include -O0 -ffunction-sections -fdata-sections -Wall -fstack-usage -MMD -MP -MF"Core/Src/main.d" -MT"Core/Src/main.o" --specs=nano.specs -mfpu=fpv4-sp-d16 -mfloat-abi=hard -mthumb -o "Core/Src/main.o"
../Core/Src/main.c: In function 'ResetAndInitializeAllSensors':
../Core/Src/main.c:211:2: warning: implicit declaration of function 'UART_Print' [-Wimplicit-function-declaration]
  211 |  UART_Print("All Chips booted\n");
      |  ^~~~~~~~~~
../Core/Src/main.c: In function 'MX_I2C1_Init':
../Core/Src/main.c:607:2: warning: implicit declaration of function 'I2C_Init' [-Wimplicit-function-declaration]
  607 |  I2C_Init();
      |  ^~~~~~~~
../Core/Src/main.c: In function 'MX_USART2_UART_Init':
../Core/Src/main.c:640:3: warning: implicit declaration of function 'UART_Init'; did you mean 'HAL_Init'? [-Wimplicit-function-declaration]
  640 |   UART_Init();
      |   ^~~~~~~~~
      |   HAL_Init
arm-none-eabi-gcc -o "LIDAR360v2.elf" @"objects.list"   -mcpu=cortex-m4 -T"C:\Users\Victor Lesne\Documents\ENSEA\CFR\2023\CDR2022_23\2A\Detection\LIDAR360v2\STM32F410RBTX_FLASH.ld" --specs=nosys.specs -Wl,-Map="LIDAR360v2.map" -Wl,--gc-sections -static --specs=nano.specs -mfpu=fpv4-sp-d16 -mfloat-abi=hard -mthumb -u _printf_float -Wl,--start-group -lc -lm -Wl,--end-group
Finished building target: LIDAR360v2.elf
 
arm-none-eabi-size   LIDAR360v2.elf 
arm-none-eabi-objdump -h -S  LIDAR360v2.elf  > "LIDAR360v2.list"
   text	   data	    bss	    dec	    hex	filename
  42708	    560	   8464	  51732	   ca14	LIDAR360v2.elf
Finished building: default.size.stdout
 
Finished building: LIDAR360v2.list
 
15:26:20 **** Incremental Build of configuration Debug for project LIDAR360v2 ****
make -j12 all 
arm-none-eabi-size   LIDAR360v2.elf 
   text	   data	    bss	    dec	    hex	filename
  42708	    560	   8464	  51732	   ca14	LIDAR360v2.elf
Finished building: default.size.stdout
 
15:26:46 **** Incremental Build of configuration Debug for project LIDAR360v2 ****
make -j12 all 
arm-none-eabi-size   LIDAR360v2.elf 
   text	   data	    bss	    dec	    hex	filename
  42708	    560	   8464	  51732	   ca14	LIDAR360v2.elf
Finished building: default.size.stdout
 
15:28:28 **** Incremental Build of configuration Debug for project LIDAR360v2 ****
make -j12 all 
arm-none-eabi-size   LIDAR360v2.elf 
   text	   data	    bss	    dec	    hex	filename
  42708	    560	   8464	  51732	   ca14	LIDAR360v2.elf
Finished building: default.size.stdout
 
15:53:59 **** Incremental Build of configuration Debug for project LIDAR360v2 ****
make -j12 all 
arm-none-eabi-size   LIDAR360v2.elf 
   text	   data	    bss	    dec	    hex	filename
  42708	    560	   8464	  51732	   ca14	LIDAR360v2.elf
Finished building: default.size.stdout
 
16:10:51 **** Incremental Build of configuration Debug for project LIDAR360v2 ****
make -j12 all 
arm-none-eabi-size   LIDAR360v2.elf 
   text	   data	    bss	    dec	    hex	filename
  42708	    560	   8464	  51732	   ca14	LIDAR360v2.elf
Finished building: default.size.stdout
 
16:34:23 **** Incremental Build of configuration Debug for project LIDAR360v2 ****
make -j12 all 
arm-none-eabi-gcc "../Drivers/UltraLiteDriver/Src/platform_specific.c" -mcpu=cortex-m4 -std=gnu11 -g3 -DDEBUG -DUSE_HAL_DRIVER -DSTM32F410Rx -c -I"C:/Users/Victor Lesne/Documents/ENSEA/CFR/2023/CDR2022_23/2A/Detection/LIDAR360v2/Drivers/UltraLiteDriver/Inc" -I../Core/Inc -I"C:/Users/Victor Lesne/Documents/ENSEA/CFR/2023/CDR2022_23/2A/Detection/LIDAR360v2/Core/Startup" -I../Drivers/STM32F4xx_HAL_Driver/Inc -I../Drivers/STM32F4xx_HAL_Driver/Inc/Legacy -I../Drivers/CMSIS/Device/ST/STM32F4xx/Include -I../Drivers/CMSIS/Include -O0 -ffunction-sections -fdata-sections -Wall -fstack-usage -MMD -MP -MF"Drivers/UltraLiteDriver/Src/platform_specific.d" -MT"Drivers/UltraLiteDriver/Src/platform_specific.o" --specs=nano.specs -mfpu=fpv4-sp-d16 -mfloat-abi=hard -mthumb -o "Drivers/UltraLiteDriver/Src/platform_specific.o"
../Drivers/UltraLiteDriver/Src/platform_specific.c:14:8: warning: type defaults to 'int' in declaration of 'hi2c1' [-Wimplicit-int]
   14 | extern hi2c1;
      |        ^~~~~
../Drivers/UltraLiteDriver/Src/platform_specific.c:15:8: warning: type defaults to 'int' in declaration of 'ActiveCaptors' [-Wimplicit-int]
   15 | extern ActiveCaptors;
      |        ^~~~~~~~~~~~~
../Drivers/UltraLiteDriver/Src/platform_specific.c:16:8: warning: type defaults to 'int' in declaration of 'FailedBoot' [-Wimplicit-int]
   16 | extern FailedBoot;
      |        ^~~~~~~~~~
arm-none-eabi-gcc -o "LIDAR360v2.elf" @"objects.list"   -mcpu=cortex-m4 -T"C:\Users\Victor Lesne\Documents\ENSEA\CFR\2023\CDR2022_23\2A\Detection\LIDAR360v2\STM32F410RBTX_FLASH.ld" --specs=nosys.specs -Wl,-Map="LIDAR360v2.map" -Wl,--gc-sections -static --specs=nano.specs -mfpu=fpv4-sp-d16 -mfloat-abi=hard -mthumb -u _printf_float -Wl,--start-group -lc -lm -Wl,--end-group
Finished building target: LIDAR360v2.elf
 
arm-none-eabi-size   LIDAR360v2.elf 
arm-none-eabi-objdump -h -S  LIDAR360v2.elf  > "LIDAR360v2.list"
   text	   data	    bss	    dec	    hex	filename
  42708	    560	   8464	  51732	   ca14	LIDAR360v2.elf
Finished building: default.size.stdout
 
Finished building: LIDAR360v2.list
 
